<html>
<body>
<pre>
<h1>µVision Build Log</h1>
<h2>Tool Versions:</h2>
IDE-Version: £gVision V5.16.0.0
Copyright (C) 2015 ARM Ltd and ARM Germany GmbH. All rights reserved.
License Information: Shengtai Lin, DriveInto, LIC=----
 
Tool Versions:
Toolchain:       MDK-Lite  Version: 5.16.0.0
Toolchain Path:  C:\Keil_v5\ARM\ARMCC\Bin
C Compiler:      Armcc.exe V5.06 (build 20)
Assembler:       Armasm.exe V5.06 (build 20)
Linker/Locator:  ArmLink.exe V5.06 (build 20)
Library Manager: ArmAr.exe V5.06 (build 20)
Hex Converter:   FromElf.exe V5.06 (build 20)
CPU DLL:         SARMCM3.DLL V5.16.0.0
Dialog DLL:      DARMCM1.DLL V1.12.0.0
Target DLL:      Segger\JL2CM3.dll V2.99.15.2
Dialog DLL:      TARMCM1.DLL V1.9.0.0
 
<h2>Project:</h2>
C:\Users\sheng\Documents\MCU\default3\default.uvprojx
Project File Date:  09/14/2017

<h2>Output:</h2>
*** Using Compiler 'V5.06 (build 20)', folder: 'C:\Keil_v5\ARM\ARMCC\Bin'
Build target 'Target 1'
compiling main.c...
linking...
Program Size: Code=3504 RO-data=328 RW-data=20 ZI-data=2660  
".\default.axf" - 0 Error(s), 0 Warning(s).

<h2>Software Packages used:</h2>

Package Vendor: ARM
                http://www.keil.com/pack/ARM.CMSIS.5.1.0.pack
                ARM::CMSIS:CORE:5.0.2
                CMSIS (Cortex Microcontroller Software Interface Standard)
   * Component: CORE Version: 5.0.2

Package Vendor: Nuvoton
                http://www.nuvoton.com/hq/enu/Documents/KEILSoftwarePack/Nuvoton.NuMicro_DFP.1.1.0.pack
                Nuvoton::Device:Driver:CLK:3.02.002
                Nuvoton ARM Cortex-M NuMicro Family Device Support
   * Component: CLK Version: 3.02.002
   * Component: SYS Version: 3.02.002
   * Component: GPIO Version: 3.02.002
   * Component: Timer Version: 3.02.002
   * Component: UART Version: 3.02.002
   * Component: Startup Version: 3.02.002

<h2>Collection of Component include folders:</h2>
  C:\Users\sheng\Documents\MCU\default3\RTE
  C:\Keil_v5\ARM\PACK\ARM\CMSIS\5.1.0\CMSIS\Include
  C:\Keil_v5\ARM\PACK\Nuvoton\NuMicro_DFP\1.1.0\Device\NANO100BN\Driver
  C:\Keil_v5\ARM\PACK\Nuvoton\NuMicro_DFP\1.1.0\Device\NANO100BN\Include

<h2>Collection of Component Files used:</h2>

   * Component: ARM::CMSIS:CORE:5.0.2

   * Component: Nuvoton::Device:Driver:CLK:3.02.002
      Source file:   Device\NANO100BN\Driver\clk.c
      Include file:  Device\NANO100BN\Driver\clk.h

   * Component: Nuvoton::Device:Driver:SYS:3.02.002
      Source file:   Device\NANO100BN\Driver\sys.c
      Include file:  Device\NANO100BN\Driver\sys.h

   * Component: Nuvoton::Device:Driver:GPIO:3.02.002
      Include file:  Device\NANO100BN\Driver\gpio.h
      Source file:   Device\NANO100BN\Driver\gpio.c

   * Component: Nuvoton::Device:Driver:Timer:3.02.002
      Source file:   Device\NANO100BN\Driver\timer.c
      Include file:  Device\NANO100BN\Driver\timer.h

   * Component: Nuvoton::Device:Driver:UART:3.02.002
      Include file:  Device\NANO100BN\Driver\uart.h
      Source file:   Device\NANO100BN\Driver\uart.c

   * Component: Nuvoton::Device:Startup:3.02.002
      Include file:  Device\NANO100BN\Include\Nano100Series.h
      Source file:   Device\NANO100BN\Source\ARM\startup_Nano100Series.s
      Source file:   Device\NANO100BN\Source\system_Nano100Series.c
      Source file:   Device\NANO100BN\Driver\retarget.c
Build Time Elapsed:  00:00:01
</pre>
</body>
</html>
