<html>
<body>
<pre>
<h1>µVision Build Log</h1>
<h2>Tool Versions:</h2>
IDE-Version: £gVision V5.16.0.0
Copyright (C) 2015 ARM Ltd and ARM Germany GmbH. All rights reserved.
License Information: Shengtai Lin, DriveInto, LIC=----
 
Tool Versions:
Toolchain:       MDK-Lite  Version: 5.16.0.0
Toolchain Path:  C:\Keil_v5\ARM\ARMCC\Bin
C Compiler:      Armcc.exe V5.06 (build 20)
Assembler:       Armasm.exe V5.06 (build 20)
Linker/Locator:  ArmLink.exe V5.06 (build 20)
Library Manager: ArmAr.exe V5.06 (build 20)
Hex Converter:   FromElf.exe V5.06 (build 20)
CPU DLL:         SARMCM3.DLL V5.16.0.0
Dialog DLL:      DARMCM1.DLL V1.12.0.0
Target DLL:      Segger\JL2CM3.dll V2.99.15.2
Dialog DLL:      TARMCM1.DLL V1.9.0.0
 
<h2>Project:</h2>
C:\Users\sheng\Documents\MCU\Nuvoton\Nuvoton.uvprojx
Project File Date:  10/03/2017

<h2>Output:</h2>
*** Using Compiler 'V5.06 (build 20)', folder: 'C:\Keil_v5\ARM\ARMCC\Bin'
Build target 'Target 1'
compiling cc2541.c...
linking...
Program Size: Code=7854 RO-data=450 RW-data=80 ZI-data=2656  
".\Objects\Nuvoton.axf" - 0 Error(s), 0 Warning(s).

<h2>Software Packages used:</h2>

Package Vendor: ARM
                http://www.keil.com/pack/ARM.CMSIS.5.1.0.pack
                ARM::CMSIS:CORE:5.0.2
                CMSIS (Cortex Microcontroller Software Interface Standard)
   * Component: CORE Version: 5.0.2
   * Component: DSP Version: 1.5.2

Package Vendor: Keil
                http://www.keil.com/pack/Keil.Jansson.1.0.0.pack
                Keil::Data Exchange:JSON:Jansson:2.7.0
                Jansson is a C library for encoding, decoding and manipulating JSON data
   * Component: Jansson Version: 2.7.0

Package Vendor: Nuvoton
                http://www.nuvoton.com/hq/enu/Documents/KEILSoftwarePack/Nuvoton.NuMicro_DFP.1.1.0.pack
                Nuvoton::Device:Startup:3.02.002
                Nuvoton ARM Cortex-M NuMicro Family Device Support
   * Component: Startup Version: 3.02.002
   * Component: GPIO Version: 3.02.002
   * Component: SYS Version: 3.02.002
   * Component: CLK Version: 3.02.002
   * Component: Timer Version: 3.02.002
   * Component: PWM Version: 3.02.002
   * Component: SPI Version: 3.02.002
   * Component: UART Version: 3.02.002
   * Component: ADC Version: 3.02.002

<h2>Collection of Component include folders:</h2>
  C:\Users\sheng\Documents\MCU\Nuvoton\RTE
  C:\Keil_v5\ARM\PACK\ARM\CMSIS\5.1.0\CMSIS\Include
  C:\Keil_v5\ARM\PACK\Keil\Jansson\1.0.0\src
  C:\Keil_v5\ARM\PACK\Nuvoton\NuMicro_DFP\1.1.0\Device\NANO100BN\Driver
  C:\Keil_v5\ARM\PACK\Nuvoton\NuMicro_DFP\1.1.0\Device\NANO100BN\Include

<h2>Collection of Component Files used:</h2>

   * Component: ARM::CMSIS:CORE:5.0.2

   * Component: ARM::CMSIS:DSP:1.5.2
      Library file:  CMSIS\Lib\ARM\arm_cortexM0l_math.lib
      Include file:  CMSIS\Include\arm_math.h

   * Component: Keil::Data Exchange:JSON:Jansson:2.7.0
      Source file:   src\jansson_config.c
      Include file:  src\jansson.h
      Library file:  lib\jansson_CM0LE.lib

   * Component: Nuvoton::Device:Startup:3.02.002
      Include file:  Device\NANO100BN\Include\Nano100Series.h
      Source file:   Device\NANO100BN\Driver\retarget.c
      Source file:   Device\NANO100BN\Source\ARM\startup_Nano100Series.s
      Source file:   Device\NANO100BN\Source\system_Nano100Series.c

   * Component: Nuvoton::Device:Driver:GPIO:3.02.002
      Source file:   Device\NANO100BN\Driver\gpio.c
      Include file:  Device\NANO100BN\Driver\gpio.h

   * Component: Nuvoton::Device:Driver:SYS:3.02.002
      Include file:  Device\NANO100BN\Driver\sys.h
      Source file:   Device\NANO100BN\Driver\sys.c

   * Component: Nuvoton::Device:Driver:CLK:3.02.002
      Include file:  Device\NANO100BN\Driver\clk.h
      Source file:   Device\NANO100BN\Driver\clk.c

   * Component: Nuvoton::Device:Driver:Timer:3.02.002
      Source file:   Device\NANO100BN\Driver\timer.c
      Include file:  Device\NANO100BN\Driver\timer.h

   * Component: Nuvoton::Device:Driver:PWM:3.02.002
      Source file:   Device\NANO100BN\Driver\pwm.c
      Include file:  Device\NANO100BN\Driver\pwm.h

   * Component: Nuvoton::Device:Driver:SPI:3.02.002
      Include file:  Device\NANO100BN\Driver\spi.h
      Source file:   Device\NANO100BN\Driver\spi.c

   * Component: Nuvoton::Device:Driver:UART:3.02.002
      Source file:   Device\NANO100BN\Driver\uart.c
      Include file:  Device\NANO100BN\Driver\uart.h

   * Component: Nuvoton::Device:Driver:ADC:3.02.002
      Include file:  Device\NANO100BN\Driver\adc.h
      Source file:   Device\NANO100BN\Driver\adc.c
Build Time Elapsed:  00:00:00
</pre>
</body>
</html>
