<!doctype html public "-//w3c//dtd html 4.0 transitional//en">
<html><head>
<title>Static Call Graph - [.\Objects\Nuvoton.axf]</title></head>
<body><HR>
<H1>Static Call Graph for image .\Objects\Nuvoton.axf</H1><HR>
<BR><P>#&#060CALLGRAPH&#062# ARM Linker, 5060020: Last Updated: Tue Oct 10 01:08:39 2017
<BR><P>
<H3>Maximum Stack Usage =        224 bytes + Unknown(Functions without stacksize, Cycles, Untraceable Function Pointers)</H3><H3>
Call chain for Maximum Stack Depth:</H3>
TMR1_IRQHandler &rArr; test_cc2541 &rArr; __2sprintf &rArr; _printf_char_common &rArr; __printf
<P>
<H3>
Functions with no stack information
</H3><UL>
 <LI><a href="#[3c]">__user_initial_stackheap</a>
</UL>
</UL>
<P>
<H3>
Mutually Recursive functions
</H3> <LI><a href="#[10]">NMI_Handler</a>&nbsp;&nbsp;&nbsp;&rArr;&nbsp;&nbsp;&nbsp;<a href="#[10]">NMI_Handler</a><BR>
 <LI><a href="#[12]">SVC_Handler</a>&nbsp;&nbsp;&nbsp;&rArr;&nbsp;&nbsp;&nbsp;<a href="#[12]">SVC_Handler</a><BR>
 <LI><a href="#[13]">PendSV_Handler</a>&nbsp;&nbsp;&nbsp;&rArr;&nbsp;&nbsp;&nbsp;<a href="#[13]">PendSV_Handler</a><BR>
 <LI><a href="#[15]">BOD_IRQHandler</a>&nbsp;&nbsp;&nbsp;&rArr;&nbsp;&nbsp;&nbsp;<a href="#[15]">BOD_IRQHandler</a><BR>
</UL>
<P>
<H3>
Function Pointers
</H3><UL>
 <LI><a href="#[31]">ADC_IRQHandler</a> from main.o(i.ADC_IRQHandler) referenced from startup_nano100series.o(RESET)
 <LI><a href="#[15]">BOD_IRQHandler</a> from startup_nano100series.o(.text) referenced from startup_nano100series.o(RESET)
 <LI><a href="#[32]">DAC_IRQHandler</a> from startup_nano100series.o(.text) referenced from startup_nano100series.o(RESET)
 <LI><a href="#[17]">EINT0_IRQHandler</a> from startup_nano100series.o(.text) referenced from startup_nano100series.o(RESET)
 <LI><a href="#[18]">EINT1_IRQHandler</a> from startup_nano100series.o(.text) referenced from startup_nano100series.o(RESET)
 <LI><a href="#[19]">GPABC_IRQHandler</a> from startup_nano100series.o(.text) referenced from startup_nano100series.o(RESET)
 <LI><a href="#[1a]">GPDEF_IRQHandler</a> from startup_nano100series.o(.text) referenced from startup_nano100series.o(RESET)
 <LI><a href="#[26]">HIRC_IRQHandler</a> from startup_nano100series.o(.text) referenced from startup_nano100series.o(RESET)
 <LI><a href="#[11]">HardFault_Handler</a> from retarget.o(.emb_text) referenced from startup_nano100series.o(RESET)
 <LI><a href="#[34]">Hard_Fault_Handler</a> from retarget.o(i.Hard_Fault_Handler) referenced from retarget.o(.emb_text)
 <LI><a href="#[27]">I2C0_IRQHandler</a> from startup_nano100series.o(.text) referenced from startup_nano100series.o(RESET)
 <LI><a href="#[28]">I2C1_IRQHandler</a> from startup_nano100series.o(.text) referenced from startup_nano100series.o(RESET)
 <LI><a href="#[2f]">I2S_IRQHandler</a> from startup_nano100series.o(.text) referenced from startup_nano100series.o(RESET)
 <LI><a href="#[2d]">LCD_IRQHandler</a> from startup_nano100series.o(.text) referenced from startup_nano100series.o(RESET)
 <LI><a href="#[10]">NMI_Handler</a> from startup_nano100series.o(.text) referenced from startup_nano100series.o(RESET)
 <LI><a href="#[2e]">PDMA_IRQHandler</a> from startup_nano100series.o(.text) referenced from startup_nano100series.o(RESET)
 <LI><a href="#[30]">PDWU_IRQHandler</a> from startup_nano100series.o(.text) referenced from startup_nano100series.o(RESET)
 <LI><a href="#[1b]">PWM0_IRQHandler</a> from startup_nano100series.o(.text) referenced from startup_nano100series.o(RESET)
 <LI><a href="#[1c]">PWM1_IRQHandler</a> from main.o(i.PWM1_IRQHandler) referenced from startup_nano100series.o(RESET)
 <LI><a href="#[13]">PendSV_Handler</a> from startup_nano100series.o(.text) referenced from startup_nano100series.o(RESET)
 <LI><a href="#[33]">RTC_IRQHandler</a> from startup_nano100series.o(.text) referenced from startup_nano100series.o(RESET)
 <LI><a href="#[3a]">Reset_Handler</a> from startup_nano100series.o(.text) referenced from startup_nano100series.o(RESET)
 <LI><a href="#[2a]">SC0_IRQHandler</a> from startup_nano100series.o(.text) referenced from startup_nano100series.o(RESET)
 <LI><a href="#[2b]">SC1_IRQHandler</a> from startup_nano100series.o(.text) referenced from startup_nano100series.o(RESET)
 <LI><a href="#[29]">SC2_IRQHandler</a> from startup_nano100series.o(.text) referenced from startup_nano100series.o(RESET)
 <LI><a href="#[23]">SPI0_IRQHandler</a> from startup_nano100series.o(.text) referenced from startup_nano100series.o(RESET)
 <LI><a href="#[24]">SPI1_IRQHandler</a> from startup_nano100series.o(.text) referenced from startup_nano100series.o(RESET)
 <LI><a href="#[25]">SPI2_IRQHandler</a> from startup_nano100series.o(.text) referenced from startup_nano100series.o(RESET)
 <LI><a href="#[12]">SVC_Handler</a> from startup_nano100series.o(.text) referenced from startup_nano100series.o(RESET)
 <LI><a href="#[14]">SysTick_Handler</a> from main.o(i.SysTick_Handler) referenced from startup_nano100series.o(RESET)
 <LI><a href="#[1d]">TMR0_IRQHandler</a> from main.o(i.TMR0_IRQHandler) referenced from startup_nano100series.o(RESET)
 <LI><a href="#[1e]">TMR1_IRQHandler</a> from main.o(i.TMR1_IRQHandler) referenced from startup_nano100series.o(RESET)
 <LI><a href="#[1f]">TMR2_IRQHandler</a> from startup_nano100series.o(.text) referenced from startup_nano100series.o(RESET)
 <LI><a href="#[20]">TMR3_IRQHandler</a> from startup_nano100series.o(.text) referenced from startup_nano100series.o(RESET)
 <LI><a href="#[21]">UART0_IRQHandler</a> from main.o(i.UART0_IRQHandler) referenced from startup_nano100series.o(RESET)
 <LI><a href="#[22]">UART1_IRQHandler</a> from main.o(i.UART1_IRQHandler) referenced from startup_nano100series.o(RESET)
 <LI><a href="#[2c]">USBD_IRQHandler</a> from startup_nano100series.o(.text) referenced from startup_nano100series.o(RESET)
 <LI><a href="#[16]">WDT_IRQHandler</a> from startup_nano100series.o(.text) referenced from startup_nano100series.o(RESET)
 <LI><a href="#[3b]">__main</a> from __main.o(!!!main) referenced from startup_nano100series.o(.text)
 <LI><a href="#[37]">_printf_input_char</a> from _printf_char_common.o(.text) referenced from _printf_char_common.o(.text)
 <LI><a href="#[36]">_sputc</a> from _sputc.o(.text) referenced from noretval__2sprintf.o(.text)
 <LI><a href="#[39]">delay_ms</a> from main.o(i.delay_ms) referenced from main.o(i.TMR1_IRQHandler)
 <LI><a href="#[39]">delay_ms</a> from main.o(i.delay_ms) referenced from main.o(i.init)
 <LI><a href="#[38]">fputc</a> from retarget.o(i.fputc) referenced from _printf_char_file.o(.text)
</UL>
<P>
<H3>
Global Symbols
</H3>
<P><STRONG><a name="[3b]"></a>__main</STRONG> (Thumb, 8 bytes, Stack size 0 bytes, __main.o(!!!main))
<BR><BR>[Calls]<UL><LI><a href="#[3e]">&gt;&gt;</a>&nbsp;&nbsp;&nbsp;__rt_entry
<LI><a href="#[3d]">&gt;&gt;</a>&nbsp;&nbsp;&nbsp;__scatterload
</UL>

<P><STRONG><a name="[3d]"></a>__scatterload</STRONG> (Thumb, 0 bytes, Stack size unknown bytes, __scatter.o(!!!scatter))
<BR><BR>[Called By]<UL><LI><a href="#[3b]">&gt;&gt;</a>&nbsp;&nbsp;&nbsp;__main
</UL>

<P><STRONG><a name="[3f]"></a>__scatterload_rt2</STRONG> (Thumb, 52 bytes, Stack size unknown bytes, __scatter.o(!!!scatter), UNUSED)
<BR><BR>[Calls]<UL><LI><a href="#[3e]">&gt;&gt;</a>&nbsp;&nbsp;&nbsp;__rt_entry
</UL>

<P><STRONG><a name="[a4]"></a>__scatterload_rt2_thumb_only</STRONG> (Thumb, 0 bytes, Stack size unknown bytes, __scatter.o(!!!scatter), UNUSED)

<P><STRONG><a name="[a5]"></a>__scatterload_null</STRONG> (Thumb, 0 bytes, Stack size unknown bytes, __scatter.o(!!!scatter), UNUSED)

<P><STRONG><a name="[40]"></a>__scatterload_copy</STRONG> (Thumb, 26 bytes, Stack size unknown bytes, __scatter_copy.o(!!handler_copy), UNUSED)
<BR><BR>[Calls]<UL><LI><a href="#[40]">&gt;&gt;</a>&nbsp;&nbsp;&nbsp;__scatterload_copy
</UL>
<BR>[Called By]<UL><LI><a href="#[40]">&gt;&gt;</a>&nbsp;&nbsp;&nbsp;__scatterload_copy
</UL>

<P><STRONG><a name="[a6]"></a>__scatterload_zeroinit</STRONG> (Thumb, 28 bytes, Stack size unknown bytes, __scatter_zi.o(!!handler_zi), UNUSED)

<P><STRONG><a name="[5d]"></a>_printf_percent</STRONG> (Thumb, 0 bytes, Stack size unknown bytes, _printf_percent.o(.ARM.Collect$$_printf_percent$$00000000))
<BR><BR>[Called By]<UL><LI><a href="#[5b]">&gt;&gt;</a>&nbsp;&nbsp;&nbsp;__printf
</UL>

<P><STRONG><a name="[41]"></a>_printf_d</STRONG> (Thumb, 0 bytes, Stack size unknown bytes, _printf_d.o(.ARM.Collect$$_printf_percent$$00000009))
<BR><BR>[Stack]<UL><LI>Max Depth = 88 + Unknown Stack Size
<LI>Call Chain = _printf_d &rArr; _printf_int_dec &rArr; _printf_int_common &rArr; _printf_post_padding
</UL>
<BR>[Calls]<UL><LI><a href="#[42]">&gt;&gt;</a>&nbsp;&nbsp;&nbsp;_printf_x
<LI><a href="#[43]">&gt;&gt;</a>&nbsp;&nbsp;&nbsp;_printf_int_dec
</UL>

<P><STRONG><a name="[42]"></a>_printf_x</STRONG> (Thumb, 0 bytes, Stack size unknown bytes, _printf_x.o(.ARM.Collect$$_printf_percent$$0000000C))
<BR><BR>[Stack]<UL><LI>Max Depth = 72 + Unknown Stack Size
<LI>Call Chain = _printf_x &rArr; _printf_int_hex &rArr; _printf_int_common &rArr; _printf_post_padding
</UL>
<BR>[Calls]<UL><LI><a href="#[45]">&gt;&gt;</a>&nbsp;&nbsp;&nbsp;_printf_int_hex
<LI><a href="#[44]">&gt;&gt;</a>&nbsp;&nbsp;&nbsp;_printf_percent_end
</UL>
<BR>[Called By]<UL><LI><a href="#[41]">&gt;&gt;</a>&nbsp;&nbsp;&nbsp;_printf_d
</UL>

<P><STRONG><a name="[44]"></a>_printf_percent_end</STRONG> (Thumb, 0 bytes, Stack size unknown bytes, _printf_percent_end.o(.ARM.Collect$$_printf_percent$$00000017))
<BR><BR>[Called By]<UL><LI><a href="#[42]">&gt;&gt;</a>&nbsp;&nbsp;&nbsp;_printf_x
</UL>

<P><STRONG><a name="[49]"></a>__rt_lib_init</STRONG> (Thumb, 0 bytes, Stack size unknown bytes, libinit.o(.ARM.Collect$$libinit$$00000000))
<BR><BR>[Called By]<UL><LI><a href="#[48]">&gt;&gt;</a>&nbsp;&nbsp;&nbsp;__rt_entry_li
</UL>

<P><STRONG><a name="[a7]"></a>__rt_lib_init_alloca_1</STRONG> (Thumb, 0 bytes, Stack size unknown bytes, libinit2.o(.ARM.Collect$$libinit$$0000002E))

<P><STRONG><a name="[a8]"></a>__rt_lib_init_argv_1</STRONG> (Thumb, 0 bytes, Stack size unknown bytes, libinit2.o(.ARM.Collect$$libinit$$0000002C))

<P><STRONG><a name="[a9]"></a>__rt_lib_init_atexit_1</STRONG> (Thumb, 0 bytes, Stack size unknown bytes, libinit2.o(.ARM.Collect$$libinit$$0000001B))

<P><STRONG><a name="[aa]"></a>__rt_lib_init_clock_1</STRONG> (Thumb, 0 bytes, Stack size unknown bytes, libinit2.o(.ARM.Collect$$libinit$$00000021))

<P><STRONG><a name="[ab]"></a>__rt_lib_init_cpp_1</STRONG> (Thumb, 0 bytes, Stack size unknown bytes, libinit2.o(.ARM.Collect$$libinit$$00000032))

<P><STRONG><a name="[ac]"></a>__rt_lib_init_exceptions_1</STRONG> (Thumb, 0 bytes, Stack size unknown bytes, libinit2.o(.ARM.Collect$$libinit$$00000030))

<P><STRONG><a name="[ad]"></a>__rt_lib_init_fp_1</STRONG> (Thumb, 0 bytes, Stack size unknown bytes, libinit2.o(.ARM.Collect$$libinit$$00000002))

<P><STRONG><a name="[ae]"></a>__rt_lib_init_fp_trap_1</STRONG> (Thumb, 0 bytes, Stack size unknown bytes, libinit2.o(.ARM.Collect$$libinit$$0000001F))

<P><STRONG><a name="[af]"></a>__rt_lib_init_getenv_1</STRONG> (Thumb, 0 bytes, Stack size unknown bytes, libinit2.o(.ARM.Collect$$libinit$$00000023))

<P><STRONG><a name="[b0]"></a>__rt_lib_init_heap_1</STRONG> (Thumb, 0 bytes, Stack size unknown bytes, libinit2.o(.ARM.Collect$$libinit$$0000000A))

<P><STRONG><a name="[b1]"></a>__rt_lib_init_lc_collate_1</STRONG> (Thumb, 0 bytes, Stack size unknown bytes, libinit2.o(.ARM.Collect$$libinit$$00000011))

<P><STRONG><a name="[b2]"></a>__rt_lib_init_lc_ctype_1</STRONG> (Thumb, 0 bytes, Stack size unknown bytes, libinit2.o(.ARM.Collect$$libinit$$00000013))

<P><STRONG><a name="[b3]"></a>__rt_lib_init_lc_monetary_1</STRONG> (Thumb, 0 bytes, Stack size unknown bytes, libinit2.o(.ARM.Collect$$libinit$$00000015))

<P><STRONG><a name="[b4]"></a>__rt_lib_init_lc_numeric_1</STRONG> (Thumb, 0 bytes, Stack size unknown bytes, libinit2.o(.ARM.Collect$$libinit$$00000017))

<P><STRONG><a name="[b5]"></a>__rt_lib_init_lc_time_1</STRONG> (Thumb, 0 bytes, Stack size unknown bytes, libinit2.o(.ARM.Collect$$libinit$$00000019))

<P><STRONG><a name="[b6]"></a>__rt_lib_init_preinit_1</STRONG> (Thumb, 0 bytes, Stack size unknown bytes, libinit2.o(.ARM.Collect$$libinit$$00000004))

<P><STRONG><a name="[b7]"></a>__rt_lib_init_rand_1</STRONG> (Thumb, 0 bytes, Stack size unknown bytes, libinit2.o(.ARM.Collect$$libinit$$0000000E))

<P><STRONG><a name="[b8]"></a>__rt_lib_init_return</STRONG> (Thumb, 0 bytes, Stack size unknown bytes, libinit2.o(.ARM.Collect$$libinit$$00000033))

<P><STRONG><a name="[b9]"></a>__rt_lib_init_signal_1</STRONG> (Thumb, 0 bytes, Stack size unknown bytes, libinit2.o(.ARM.Collect$$libinit$$0000001D))

<P><STRONG><a name="[ba]"></a>__rt_lib_init_stdio_1</STRONG> (Thumb, 0 bytes, Stack size unknown bytes, libinit2.o(.ARM.Collect$$libinit$$00000025))

<P><STRONG><a name="[bb]"></a>__rt_lib_init_user_alloc_1</STRONG> (Thumb, 0 bytes, Stack size unknown bytes, libinit2.o(.ARM.Collect$$libinit$$0000000C))

<P><STRONG><a name="[4e]"></a>__rt_lib_shutdown</STRONG> (Thumb, 0 bytes, Stack size unknown bytes, libshutdown.o(.ARM.Collect$$libshutdown$$00000000))
<BR><BR>[Called By]<UL><LI><a href="#[4d]">&gt;&gt;</a>&nbsp;&nbsp;&nbsp;__rt_exit_ls
</UL>

<P><STRONG><a name="[bc]"></a>__rt_lib_shutdown_cpp_1</STRONG> (Thumb, 0 bytes, Stack size unknown bytes, libshutdown2.o(.ARM.Collect$$libshutdown$$00000002))

<P><STRONG><a name="[bd]"></a>__rt_lib_shutdown_fp_trap_1</STRONG> (Thumb, 0 bytes, Stack size unknown bytes, libshutdown2.o(.ARM.Collect$$libshutdown$$00000007))

<P><STRONG><a name="[be]"></a>__rt_lib_shutdown_heap_1</STRONG> (Thumb, 0 bytes, Stack size unknown bytes, libshutdown2.o(.ARM.Collect$$libshutdown$$0000000F))

<P><STRONG><a name="[bf]"></a>__rt_lib_shutdown_return</STRONG> (Thumb, 0 bytes, Stack size unknown bytes, libshutdown2.o(.ARM.Collect$$libshutdown$$00000010))

<P><STRONG><a name="[c0]"></a>__rt_lib_shutdown_signal_1</STRONG> (Thumb, 0 bytes, Stack size unknown bytes, libshutdown2.o(.ARM.Collect$$libshutdown$$0000000A))

<P><STRONG><a name="[c1]"></a>__rt_lib_shutdown_stdio_1</STRONG> (Thumb, 0 bytes, Stack size unknown bytes, libshutdown2.o(.ARM.Collect$$libshutdown$$00000004))

<P><STRONG><a name="[c2]"></a>__rt_lib_shutdown_user_alloc_1</STRONG> (Thumb, 0 bytes, Stack size unknown bytes, libshutdown2.o(.ARM.Collect$$libshutdown$$0000000C))

<P><STRONG><a name="[3e]"></a>__rt_entry</STRONG> (Thumb, 0 bytes, Stack size unknown bytes, __rtentry.o(.ARM.Collect$$rtentry$$00000000))
<BR><BR>[Called By]<UL><LI><a href="#[3b]">&gt;&gt;</a>&nbsp;&nbsp;&nbsp;__main
<LI><a href="#[3f]">&gt;&gt;</a>&nbsp;&nbsp;&nbsp;__scatterload_rt2
</UL>

<P><STRONG><a name="[c3]"></a>__rt_entry_presh_1</STRONG> (Thumb, 0 bytes, Stack size unknown bytes, __rtentry2.o(.ARM.Collect$$rtentry$$00000002))

<P><STRONG><a name="[46]"></a>__rt_entry_sh</STRONG> (Thumb, 0 bytes, Stack size unknown bytes, __rtentry4.o(.ARM.Collect$$rtentry$$00000004))
<BR><BR>[Stack]<UL><LI>Max Depth = 8 + Unknown Stack Size
<LI>Call Chain = __rt_entry_sh &rArr; __user_setup_stackheap
</UL>
<BR>[Calls]<UL><LI><a href="#[47]">&gt;&gt;</a>&nbsp;&nbsp;&nbsp;__user_setup_stackheap
</UL>

<P><STRONG><a name="[48]"></a>__rt_entry_li</STRONG> (Thumb, 0 bytes, Stack size unknown bytes, __rtentry2.o(.ARM.Collect$$rtentry$$0000000A))
<BR><BR>[Calls]<UL><LI><a href="#[49]">&gt;&gt;</a>&nbsp;&nbsp;&nbsp;__rt_lib_init
</UL>

<P><STRONG><a name="[c4]"></a>__rt_entry_postsh_1</STRONG> (Thumb, 0 bytes, Stack size unknown bytes, __rtentry2.o(.ARM.Collect$$rtentry$$00000009))

<P><STRONG><a name="[4a]"></a>__rt_entry_main</STRONG> (Thumb, 0 bytes, Stack size unknown bytes, __rtentry2.o(.ARM.Collect$$rtentry$$0000000D))
<BR><BR>[Stack]<UL><LI>Max Depth = 128 + Unknown Stack Size
<LI>Call Chain = __rt_entry_main &rArr; main &rArr; init &rArr; init_PWM1 &rArr; PWM_ConfigCaptureChannel &rArr; __aeabi_ldivmod &rArr; __aeabi_uldivmod
</UL>
<BR>[Calls]<UL><LI><a href="#[4b]">&gt;&gt;</a>&nbsp;&nbsp;&nbsp;main
<LI><a href="#[4c]">&gt;&gt;</a>&nbsp;&nbsp;&nbsp;exit
</UL>

<P><STRONG><a name="[c5]"></a>__rt_entry_postli_1</STRONG> (Thumb, 0 bytes, Stack size unknown bytes, __rtentry2.o(.ARM.Collect$$rtentry$$0000000C))

<P><STRONG><a name="[63]"></a>__rt_exit</STRONG> (Thumb, 0 bytes, Stack size unknown bytes, rtexit.o(.ARM.Collect$$rtexit$$00000000))
<BR><BR>[Called By]<UL><LI><a href="#[4c]">&gt;&gt;</a>&nbsp;&nbsp;&nbsp;exit
</UL>

<P><STRONG><a name="[4d]"></a>__rt_exit_ls</STRONG> (Thumb, 0 bytes, Stack size unknown bytes, rtexit2.o(.ARM.Collect$$rtexit$$00000003))
<BR><BR>[Calls]<UL><LI><a href="#[4e]">&gt;&gt;</a>&nbsp;&nbsp;&nbsp;__rt_lib_shutdown
</UL>

<P><STRONG><a name="[c6]"></a>__rt_exit_prels_1</STRONG> (Thumb, 0 bytes, Stack size unknown bytes, rtexit2.o(.ARM.Collect$$rtexit$$00000002))

<P><STRONG><a name="[4f]"></a>__rt_exit_exit</STRONG> (Thumb, 0 bytes, Stack size unknown bytes, rtexit2.o(.ARM.Collect$$rtexit$$00000004))
<BR><BR>[Calls]<UL><LI><a href="#[50]">&gt;&gt;</a>&nbsp;&nbsp;&nbsp;_sys_exit
</UL>

<P><STRONG><a name="[11]"></a>HardFault_Handler</STRONG> (Thumb, 24 bytes, Stack size 0 bytes, retarget.o(.emb_text))
<BR>[Address Reference Count : 1]<UL><LI> startup_nano100series.o(RESET)
</UL>
<P><STRONG><a name="[3a]"></a>Reset_Handler</STRONG> (Thumb, 28 bytes, Stack size 0 bytes, startup_nano100series.o(.text))

<P><STRONG><a name="[10]"></a>NMI_Handler</STRONG> (Thumb, 2 bytes, Stack size 0 bytes, startup_nano100series.o(.text))
<BR><BR>[Calls]<UL><LI><a href="#[10]">&gt;&gt;</a>&nbsp;&nbsp;&nbsp;NMI_Handler
</UL>
<BR>[Called By]<UL><LI><a href="#[10]">&gt;&gt;</a>&nbsp;&nbsp;&nbsp;NMI_Handler
</UL>
<BR>[Address Reference Count : 1]<UL><LI> startup_nano100series.o(RESET)
</UL>
<P><STRONG><a name="[12]"></a>SVC_Handler</STRONG> (Thumb, 2 bytes, Stack size 0 bytes, startup_nano100series.o(.text))
<BR><BR>[Calls]<UL><LI><a href="#[12]">&gt;&gt;</a>&nbsp;&nbsp;&nbsp;SVC_Handler
</UL>
<BR>[Called By]<UL><LI><a href="#[12]">&gt;&gt;</a>&nbsp;&nbsp;&nbsp;SVC_Handler
</UL>
<BR>[Address Reference Count : 1]<UL><LI> startup_nano100series.o(RESET)
</UL>
<P><STRONG><a name="[13]"></a>PendSV_Handler</STRONG> (Thumb, 2 bytes, Stack size 0 bytes, startup_nano100series.o(.text))
<BR><BR>[Calls]<UL><LI><a href="#[13]">&gt;&gt;</a>&nbsp;&nbsp;&nbsp;PendSV_Handler
</UL>
<BR>[Called By]<UL><LI><a href="#[13]">&gt;&gt;</a>&nbsp;&nbsp;&nbsp;PendSV_Handler
</UL>
<BR>[Address Reference Count : 1]<UL><LI> startup_nano100series.o(RESET)
</UL>
<P><STRONG><a name="[15]"></a>BOD_IRQHandler</STRONG> (Thumb, 0 bytes, Stack size 0 bytes, startup_nano100series.o(.text))
<BR><BR>[Calls]<UL><LI><a href="#[15]">&gt;&gt;</a>&nbsp;&nbsp;&nbsp;BOD_IRQHandler
</UL>
<BR>[Called By]<UL><LI><a href="#[15]">&gt;&gt;</a>&nbsp;&nbsp;&nbsp;BOD_IRQHandler
</UL>
<BR>[Address Reference Count : 1]<UL><LI> startup_nano100series.o(RESET)
</UL>
<P><STRONG><a name="[32]"></a>DAC_IRQHandler</STRONG> (Thumb, 0 bytes, Stack size 0 bytes, startup_nano100series.o(.text))
<BR>[Address Reference Count : 1]<UL><LI> startup_nano100series.o(RESET)
</UL>
<P><STRONG><a name="[17]"></a>EINT0_IRQHandler</STRONG> (Thumb, 0 bytes, Stack size 0 bytes, startup_nano100series.o(.text))
<BR>[Address Reference Count : 1]<UL><LI> startup_nano100series.o(RESET)
</UL>
<P><STRONG><a name="[18]"></a>EINT1_IRQHandler</STRONG> (Thumb, 0 bytes, Stack size 0 bytes, startup_nano100series.o(.text))
<BR>[Address Reference Count : 1]<UL><LI> startup_nano100series.o(RESET)
</UL>
<P><STRONG><a name="[19]"></a>GPABC_IRQHandler</STRONG> (Thumb, 0 bytes, Stack size 0 bytes, startup_nano100series.o(.text))
<BR>[Address Reference Count : 1]<UL><LI> startup_nano100series.o(RESET)
</UL>
<P><STRONG><a name="[1a]"></a>GPDEF_IRQHandler</STRONG> (Thumb, 0 bytes, Stack size 0 bytes, startup_nano100series.o(.text))
<BR>[Address Reference Count : 1]<UL><LI> startup_nano100series.o(RESET)
</UL>
<P><STRONG><a name="[26]"></a>HIRC_IRQHandler</STRONG> (Thumb, 0 bytes, Stack size 0 bytes, startup_nano100series.o(.text))
<BR>[Address Reference Count : 1]<UL><LI> startup_nano100series.o(RESET)
</UL>
<P><STRONG><a name="[27]"></a>I2C0_IRQHandler</STRONG> (Thumb, 0 bytes, Stack size 0 bytes, startup_nano100series.o(.text))
<BR>[Address Reference Count : 1]<UL><LI> startup_nano100series.o(RESET)
</UL>
<P><STRONG><a name="[28]"></a>I2C1_IRQHandler</STRONG> (Thumb, 0 bytes, Stack size 0 bytes, startup_nano100series.o(.text))
<BR>[Address Reference Count : 1]<UL><LI> startup_nano100series.o(RESET)
</UL>
<P><STRONG><a name="[2f]"></a>I2S_IRQHandler</STRONG> (Thumb, 0 bytes, Stack size 0 bytes, startup_nano100series.o(.text))
<BR>[Address Reference Count : 1]<UL><LI> startup_nano100series.o(RESET)
</UL>
<P><STRONG><a name="[2d]"></a>LCD_IRQHandler</STRONG> (Thumb, 0 bytes, Stack size 0 bytes, startup_nano100series.o(.text))
<BR>[Address Reference Count : 1]<UL><LI> startup_nano100series.o(RESET)
</UL>
<P><STRONG><a name="[2e]"></a>PDMA_IRQHandler</STRONG> (Thumb, 0 bytes, Stack size 0 bytes, startup_nano100series.o(.text))
<BR>[Address Reference Count : 1]<UL><LI> startup_nano100series.o(RESET)
</UL>
<P><STRONG><a name="[30]"></a>PDWU_IRQHandler</STRONG> (Thumb, 0 bytes, Stack size 0 bytes, startup_nano100series.o(.text))
<BR>[Address Reference Count : 1]<UL><LI> startup_nano100series.o(RESET)
</UL>
<P><STRONG><a name="[1b]"></a>PWM0_IRQHandler</STRONG> (Thumb, 0 bytes, Stack size 0 bytes, startup_nano100series.o(.text))
<BR>[Address Reference Count : 1]<UL><LI> startup_nano100series.o(RESET)
</UL>
<P><STRONG><a name="[33]"></a>RTC_IRQHandler</STRONG> (Thumb, 0 bytes, Stack size 0 bytes, startup_nano100series.o(.text))
<BR>[Address Reference Count : 1]<UL><LI> startup_nano100series.o(RESET)
</UL>
<P><STRONG><a name="[2a]"></a>SC0_IRQHandler</STRONG> (Thumb, 0 bytes, Stack size 0 bytes, startup_nano100series.o(.text))
<BR>[Address Reference Count : 1]<UL><LI> startup_nano100series.o(RESET)
</UL>
<P><STRONG><a name="[2b]"></a>SC1_IRQHandler</STRONG> (Thumb, 0 bytes, Stack size 0 bytes, startup_nano100series.o(.text))
<BR>[Address Reference Count : 1]<UL><LI> startup_nano100series.o(RESET)
</UL>
<P><STRONG><a name="[29]"></a>SC2_IRQHandler</STRONG> (Thumb, 0 bytes, Stack size 0 bytes, startup_nano100series.o(.text))
<BR>[Address Reference Count : 1]<UL><LI> startup_nano100series.o(RESET)
</UL>
<P><STRONG><a name="[23]"></a>SPI0_IRQHandler</STRONG> (Thumb, 0 bytes, Stack size 0 bytes, startup_nano100series.o(.text))
<BR>[Address Reference Count : 1]<UL><LI> startup_nano100series.o(RESET)
</UL>
<P><STRONG><a name="[24]"></a>SPI1_IRQHandler</STRONG> (Thumb, 0 bytes, Stack size 0 bytes, startup_nano100series.o(.text))
<BR>[Address Reference Count : 1]<UL><LI> startup_nano100series.o(RESET)
</UL>
<P><STRONG><a name="[25]"></a>SPI2_IRQHandler</STRONG> (Thumb, 0 bytes, Stack size 0 bytes, startup_nano100series.o(.text))
<BR>[Address Reference Count : 1]<UL><LI> startup_nano100series.o(RESET)
</UL>
<P><STRONG><a name="[1f]"></a>TMR2_IRQHandler</STRONG> (Thumb, 0 bytes, Stack size 0 bytes, startup_nano100series.o(.text))
<BR>[Address Reference Count : 1]<UL><LI> startup_nano100series.o(RESET)
</UL>
<P><STRONG><a name="[20]"></a>TMR3_IRQHandler</STRONG> (Thumb, 0 bytes, Stack size 0 bytes, startup_nano100series.o(.text))
<BR>[Address Reference Count : 1]<UL><LI> startup_nano100series.o(RESET)
</UL>
<P><STRONG><a name="[2c]"></a>USBD_IRQHandler</STRONG> (Thumb, 0 bytes, Stack size 0 bytes, startup_nano100series.o(.text))
<BR>[Address Reference Count : 1]<UL><LI> startup_nano100series.o(RESET)
</UL>
<P><STRONG><a name="[16]"></a>WDT_IRQHandler</STRONG> (Thumb, 0 bytes, Stack size 0 bytes, startup_nano100series.o(.text))
<BR>[Address Reference Count : 1]<UL><LI> startup_nano100series.o(RESET)
</UL>
<P><STRONG><a name="[3c]"></a>__user_initial_stackheap</STRONG> (Thumb, 0 bytes, Stack size unknown bytes, startup_nano100series.o(.text))
<BR><BR>[Called By]<UL><LI><a href="#[47]">&gt;&gt;</a>&nbsp;&nbsp;&nbsp;__user_setup_stackheap
</UL>

<P><STRONG><a name="[51]"></a>__aeabi_ldivmod</STRONG> (Thumb, 112 bytes, Stack size 16 bytes, llsdiv.o(.text))
<BR><BR>[Stack]<UL><LI>Max Depth = 48<LI>Call Chain = __aeabi_ldivmod &rArr; __aeabi_uldivmod
</UL>
<BR>[Calls]<UL><LI><a href="#[52]">&gt;&gt;</a>&nbsp;&nbsp;&nbsp;__aeabi_uldivmod
</UL>
<BR>[Called By]<UL><LI><a href="#[6b]">&gt;&gt;</a>&nbsp;&nbsp;&nbsp;PWM_ConfigCaptureChannel
</UL>

<P><STRONG><a name="[c7]"></a>_ll_sdiv</STRONG> (Thumb, 0 bytes, Stack size 16 bytes, llsdiv.o(.text), UNUSED)

<P><STRONG><a name="[53]"></a>__2printf</STRONG> (Thumb, 22 bytes, Stack size 24 bytes, noretval__2printf.o(.text))
<BR><BR>[Stack]<UL><LI>Max Depth = 136 + Unknown Stack Size
<LI>Call Chain = __2printf &rArr; _printf_char_file &rArr; _printf_char_common &rArr; __printf
</UL>
<BR>[Calls]<UL><LI><a href="#[54]">&gt;&gt;</a>&nbsp;&nbsp;&nbsp;_printf_char_file
</UL>
<BR>[Called By]<UL><LI><a href="#[68]">&gt;&gt;</a>&nbsp;&nbsp;&nbsp;stackDump
<LI><a href="#[34]">&gt;&gt;</a>&nbsp;&nbsp;&nbsp;Hard_Fault_Handler
</UL>

<P><STRONG><a name="[55]"></a>__2sprintf</STRONG> (Thumb, 36 bytes, Stack size 32 bytes, noretval__2sprintf.o(.text))
<BR><BR>[Stack]<UL><LI>Max Depth = 128 + Unknown Stack Size
<LI>Call Chain = __2sprintf &rArr; _printf_char_common &rArr; __printf
</UL>
<BR>[Calls]<UL><LI><a href="#[36]">&gt;&gt;</a>&nbsp;&nbsp;&nbsp;_sputc
<LI><a href="#[56]">&gt;&gt;</a>&nbsp;&nbsp;&nbsp;_printf_char_common
</UL>
<BR>[Called By]<UL><LI><a href="#[75]">&gt;&gt;</a>&nbsp;&nbsp;&nbsp;test_cc2541
<LI><a href="#[76]">&gt;&gt;</a>&nbsp;&nbsp;&nbsp;test_bh1750
<LI><a href="#[69]">&gt;&gt;</a>&nbsp;&nbsp;&nbsp;test_PWM1
</UL>

<P><STRONG><a name="[5e]"></a>_printf_pre_padding</STRONG> (Thumb, 44 bytes, Stack size 16 bytes, _printf_pad.o(.text))
<BR><BR>[Stack]<UL><LI>Max Depth = 16<LI>Call Chain = _printf_pre_padding
</UL>
<BR>[Called By]<UL><LI><a href="#[5a]">&gt;&gt;</a>&nbsp;&nbsp;&nbsp;_printf_int_common
</UL>

<P><STRONG><a name="[5f]"></a>_printf_post_padding</STRONG> (Thumb, 34 bytes, Stack size 16 bytes, _printf_pad.o(.text))
<BR><BR>[Stack]<UL><LI>Max Depth = 16<LI>Call Chain = _printf_post_padding
</UL>
<BR>[Called By]<UL><LI><a href="#[5a]">&gt;&gt;</a>&nbsp;&nbsp;&nbsp;_printf_int_common
</UL>

<P><STRONG><a name="[43]"></a>_printf_int_dec</STRONG> (Thumb, 90 bytes, Stack size 32 bytes, _printf_dec.o(.text))
<BR><BR>[Stack]<UL><LI>Max Depth = 88<LI>Call Chain = _printf_int_dec &rArr; _printf_int_common &rArr; _printf_post_padding
</UL>
<BR>[Calls]<UL><LI><a href="#[58]">&gt;&gt;</a>&nbsp;&nbsp;&nbsp;_printf_truncate_unsigned (Weak Reference)
<LI><a href="#[57]">&gt;&gt;</a>&nbsp;&nbsp;&nbsp;_printf_truncate_signed (Weak Reference)
<LI><a href="#[59]">&gt;&gt;</a>&nbsp;&nbsp;&nbsp;__rt_udiv10
<LI><a href="#[5a]">&gt;&gt;</a>&nbsp;&nbsp;&nbsp;_printf_int_common
</UL>
<BR>[Called By]<UL><LI><a href="#[41]">&gt;&gt;</a>&nbsp;&nbsp;&nbsp;_printf_d
</UL>

<P><STRONG><a name="[45]"></a>_printf_int_hex</STRONG> (Thumb, 84 bytes, Stack size 16 bytes, _printf_hex_int.o(.text))
<BR><BR>[Stack]<UL><LI>Max Depth = 72<LI>Call Chain = _printf_int_hex &rArr; _printf_int_common &rArr; _printf_post_padding
</UL>
<BR>[Calls]<UL><LI><a href="#[58]">&gt;&gt;</a>&nbsp;&nbsp;&nbsp;_printf_truncate_unsigned (Weak Reference)
<LI><a href="#[5a]">&gt;&gt;</a>&nbsp;&nbsp;&nbsp;_printf_int_common
</UL>
<BR>[Called By]<UL><LI><a href="#[42]">&gt;&gt;</a>&nbsp;&nbsp;&nbsp;_printf_x
</UL>

<P><STRONG><a name="[c8]"></a>_printf_longlong_hex</STRONG> (Thumb, 0 bytes, Stack size 16 bytes, _printf_hex_int.o(.text), UNUSED)

<P><STRONG><a name="[5b]"></a>__printf</STRONG> (Thumb, 270 bytes, Stack size 32 bytes, __printf_wp.o(.text))
<BR><BR>[Stack]<UL><LI>Max Depth = 32 + Unknown Stack Size
<LI>Call Chain = __printf
</UL>
<BR>[Calls]<UL><LI><a href="#[5d]">&gt;&gt;</a>&nbsp;&nbsp;&nbsp;_printf_percent
<LI><a href="#[5c]">&gt;&gt;</a>&nbsp;&nbsp;&nbsp;_is_digit
</UL>
<BR>[Called By]<UL><LI><a href="#[56]">&gt;&gt;</a>&nbsp;&nbsp;&nbsp;_printf_char_common
</UL>

<P><STRONG><a name="[c9]"></a>__aeabi_uidiv</STRONG> (Thumb, 0 bytes, Stack size 0 bytes, aeabi_sdiv.o(.text), UNUSED)

<P><STRONG><a name="[6c]"></a>__aeabi_uidivmod</STRONG> (Thumb, 20 bytes, Stack size 0 bytes, aeabi_sdiv.o(.text))
<BR><BR>[Called By]<UL><LI><a href="#[6b]">&gt;&gt;</a>&nbsp;&nbsp;&nbsp;PWM_ConfigCaptureChannel
<LI><a href="#[77]">&gt;&gt;</a>&nbsp;&nbsp;&nbsp;UART_Open
<LI><a href="#[73]">&gt;&gt;</a>&nbsp;&nbsp;&nbsp;TIMER_Open
<LI><a href="#[86]">&gt;&gt;</a>&nbsp;&nbsp;&nbsp;init
<LI><a href="#[67]">&gt;&gt;</a>&nbsp;&nbsp;&nbsp;SystemCoreClockUpdate
<LI><a href="#[71]">&gt;&gt;</a>&nbsp;&nbsp;&nbsp;SysGet_HCLKFreq
<LI><a href="#[72]">&gt;&gt;</a>&nbsp;&nbsp;&nbsp;SysGet_PLLClockFreq
</UL>

<P><STRONG><a name="[ca]"></a>__aeabi_idiv</STRONG> (Thumb, 0 bytes, Stack size 8 bytes, aeabi_sdiv.o(.text), UNUSED)

<P><STRONG><a name="[83]"></a>__aeabi_idivmod</STRONG> (Thumb, 326 bytes, Stack size 8 bytes, aeabi_sdiv.o(.text))
<BR><BR>[Stack]<UL><LI>Max Depth = 8<LI>Call Chain = __aeabi_idivmod
</UL>
<BR>[Called By]<UL><LI><a href="#[82]">&gt;&gt;</a>&nbsp;&nbsp;&nbsp;get_temperature
<LI><a href="#[75]">&gt;&gt;</a>&nbsp;&nbsp;&nbsp;test_cc2541
</UL>

<P><STRONG><a name="[cb]"></a>__use_two_region_memory</STRONG> (Thumb, 2 bytes, Stack size 0 bytes, heapauxi.o(.text), UNUSED)

<P><STRONG><a name="[5]"></a>__rt_heap_escrow</STRONG> (Thumb, 2 bytes, Stack size 0 bytes, heapauxi.o(.text), UNUSED)

<P><STRONG><a name="[4]"></a>__rt_heap_expand</STRONG> (Thumb, 2 bytes, Stack size 0 bytes, heapauxi.o(.text), UNUSED)

<P><STRONG><a name="[52]"></a>__aeabi_uldivmod</STRONG> (Thumb, 258 bytes, Stack size 32 bytes, lludiv.o(.text))
<BR><BR>[Stack]<UL><LI>Max Depth = 32<LI>Call Chain = __aeabi_uldivmod
</UL>
<BR>[Called By]<UL><LI><a href="#[51]">&gt;&gt;</a>&nbsp;&nbsp;&nbsp;__aeabi_ldivmod
</UL>

<P><STRONG><a name="[cc]"></a>_ll_udiv</STRONG> (Thumb, 0 bytes, Stack size 32 bytes, lludiv.o(.text), UNUSED)

<P><STRONG><a name="[5a]"></a>_printf_int_common</STRONG> (Thumb, 176 bytes, Stack size 40 bytes, _printf_intcommon.o(.text))
<BR><BR>[Stack]<UL><LI>Max Depth = 56<LI>Call Chain = _printf_int_common &rArr; _printf_post_padding
</UL>
<BR>[Calls]<UL><LI><a href="#[5f]">&gt;&gt;</a>&nbsp;&nbsp;&nbsp;_printf_post_padding
<LI><a href="#[5e]">&gt;&gt;</a>&nbsp;&nbsp;&nbsp;_printf_pre_padding
</UL>
<BR>[Called By]<UL><LI><a href="#[45]">&gt;&gt;</a>&nbsp;&nbsp;&nbsp;_printf_int_hex
<LI><a href="#[43]">&gt;&gt;</a>&nbsp;&nbsp;&nbsp;_printf_int_dec
</UL>

<P><STRONG><a name="[56]"></a>_printf_char_common</STRONG> (Thumb, 32 bytes, Stack size 64 bytes, _printf_char_common.o(.text))
<BR><BR>[Stack]<UL><LI>Max Depth = 96 + Unknown Stack Size
<LI>Call Chain = _printf_char_common &rArr; __printf
</UL>
<BR>[Calls]<UL><LI><a href="#[5b]">&gt;&gt;</a>&nbsp;&nbsp;&nbsp;__printf
</UL>
<BR>[Called By]<UL><LI><a href="#[55]">&gt;&gt;</a>&nbsp;&nbsp;&nbsp;__2sprintf
<LI><a href="#[54]">&gt;&gt;</a>&nbsp;&nbsp;&nbsp;_printf_char_file
</UL>

<P><STRONG><a name="[36]"></a>_sputc</STRONG> (Thumb, 10 bytes, Stack size 0 bytes, _sputc.o(.text))
<BR><BR>[Called By]<UL><LI><a href="#[55]">&gt;&gt;</a>&nbsp;&nbsp;&nbsp;__2sprintf
</UL>
<BR>[Address Reference Count : 1]<UL><LI> noretval__2sprintf.o(.text)
</UL>
<P><STRONG><a name="[54]"></a>_printf_char_file</STRONG> (Thumb, 34 bytes, Stack size 16 bytes, _printf_char_file.o(.text))
<BR><BR>[Stack]<UL><LI>Max Depth = 112 + Unknown Stack Size
<LI>Call Chain = _printf_char_file &rArr; _printf_char_common &rArr; __printf
</UL>
<BR>[Calls]<UL><LI><a href="#[60]">&gt;&gt;</a>&nbsp;&nbsp;&nbsp;ferror
<LI><a href="#[56]">&gt;&gt;</a>&nbsp;&nbsp;&nbsp;_printf_char_common
</UL>
<BR>[Called By]<UL><LI><a href="#[53]">&gt;&gt;</a>&nbsp;&nbsp;&nbsp;__2printf
</UL>

<P><STRONG><a name="[59]"></a>__rt_udiv10</STRONG> (Thumb, 40 bytes, Stack size 0 bytes, rtudiv10.o(.text))
<BR><BR>[Called By]<UL><LI><a href="#[43]">&gt;&gt;</a>&nbsp;&nbsp;&nbsp;_printf_int_dec
</UL>

<P><STRONG><a name="[cd]"></a>__user_libspace</STRONG> (Thumb, 8 bytes, Stack size 0 bytes, libspace.o(.text), UNUSED)

<P><STRONG><a name="[61]"></a>__user_perproc_libspace</STRONG> (Thumb, 0 bytes, Stack size 0 bytes, libspace.o(.text))
<BR><BR>[Called By]<UL><LI><a href="#[47]">&gt;&gt;</a>&nbsp;&nbsp;&nbsp;__user_setup_stackheap
</UL>

<P><STRONG><a name="[ce]"></a>__user_perthread_libspace</STRONG> (Thumb, 0 bytes, Stack size 0 bytes, libspace.o(.text), UNUSED)

<P><STRONG><a name="[cf]"></a>__I$use$semihosting</STRONG> (Thumb, 0 bytes, Stack size 0 bytes, use_no_semi.o(.text), UNUSED)

<P><STRONG><a name="[d0]"></a>__use_no_semihosting_swi</STRONG> (Thumb, 2 bytes, Stack size 0 bytes, use_no_semi.o(.text), UNUSED)

<P><STRONG><a name="[d1]"></a>__semihosting_library_function</STRONG> (Thumb, 0 bytes, Stack size 8 bytes, indicate_semi.o(.text), UNUSED)

<P><STRONG><a name="[47]"></a>__user_setup_stackheap</STRONG> (Thumb, 62 bytes, Stack size 8 bytes, sys_stackheap_outer.o(.text))
<BR><BR>[Stack]<UL><LI>Max Depth = 8 + Unknown Stack Size
<LI>Call Chain = __user_setup_stackheap
</UL>
<BR>[Calls]<UL><LI><a href="#[3c]">&gt;&gt;</a>&nbsp;&nbsp;&nbsp;__user_initial_stackheap
<LI><a href="#[61]">&gt;&gt;</a>&nbsp;&nbsp;&nbsp;__user_perproc_libspace
</UL>
<BR>[Called By]<UL><LI><a href="#[46]">&gt;&gt;</a>&nbsp;&nbsp;&nbsp;__rt_entry_sh
</UL>

<P><STRONG><a name="[4c]"></a>exit</STRONG> (Thumb, 16 bytes, Stack size 8 bytes, exit.o(.text))
<BR><BR>[Stack]<UL><LI>Max Depth = 8 + Unknown Stack Size
<LI>Call Chain = exit
</UL>
<BR>[Calls]<UL><LI><a href="#[63]">&gt;&gt;</a>&nbsp;&nbsp;&nbsp;__rt_exit
<LI><a href="#[62]">&gt;&gt;</a>&nbsp;&nbsp;&nbsp;_call_atexit_fns (Weak Reference)
</UL>
<BR>[Called By]<UL><LI><a href="#[4a]">&gt;&gt;</a>&nbsp;&nbsp;&nbsp;__rt_entry_main
</UL>

<P><STRONG><a name="[50]"></a>_sys_exit</STRONG> (Thumb, 8 bytes, Stack size 0 bytes, sys_exit.o(.text))
<BR><BR>[Called By]<UL><LI><a href="#[4f]">&gt;&gt;</a>&nbsp;&nbsp;&nbsp;__rt_exit_exit
</UL>

<P><STRONG><a name="[94]"></a>ADC_EnableInt</STRONG> (Thumb, 62 bytes, Stack size 0 bytes, adc.o(i.ADC_EnableInt))
<BR><BR>[Called By]<UL><LI><a href="#[8f]">&gt;&gt;</a>&nbsp;&nbsp;&nbsp;init_ADC
</UL>

<P><STRONG><a name="[31]"></a>ADC_IRQHandler</STRONG> (Thumb, 30 bytes, Stack size 0 bytes, main.o(i.ADC_IRQHandler))
<BR>[Address Reference Count : 1]<UL><LI> startup_nano100series.o(RESET)
</UL>
<P><STRONG><a name="[93]"></a>ADC_Open</STRONG> (Thumb, 54 bytes, Stack size 12 bytes, adc.o(i.ADC_Open))
<BR><BR>[Stack]<UL><LI>Max Depth = 12<LI>Call Chain = ADC_Open
</UL>
<BR>[Called By]<UL><LI><a href="#[8f]">&gt;&gt;</a>&nbsp;&nbsp;&nbsp;init_ADC
</UL>

<P><STRONG><a name="[91]"></a>CLK_EnableModuleClock</STRONG> (Thumb, 32 bytes, Stack size 0 bytes, clk.o(i.CLK_EnableModuleClock))
<BR><BR>[Called By]<UL><LI><a href="#[8d]">&gt;&gt;</a>&nbsp;&nbsp;&nbsp;init_UART1
<LI><a href="#[8c]">&gt;&gt;</a>&nbsp;&nbsp;&nbsp;init_UART0
<LI><a href="#[8b]">&gt;&gt;</a>&nbsp;&nbsp;&nbsp;init_TIMER1
<LI><a href="#[8a]">&gt;&gt;</a>&nbsp;&nbsp;&nbsp;init_TIMER0
<LI><a href="#[90]">&gt;&gt;</a>&nbsp;&nbsp;&nbsp;init_PWM1
<LI><a href="#[8f]">&gt;&gt;</a>&nbsp;&nbsp;&nbsp;init_ADC
</UL>

<P><STRONG><a name="[64]"></a>CLK_EnableXtalRC</STRONG> (Thumb, 72 bytes, Stack size 8 bytes, clk.o(i.CLK_EnableXtalRC))
<BR><BR>[Stack]<UL><LI>Max Depth = 8<LI>Call Chain = CLK_EnableXtalRC
</UL>
<BR>[Calls]<UL><LI><a href="#[65]">&gt;&gt;</a>&nbsp;&nbsp;&nbsp;CLK_WaitClockReady
</UL>
<BR>[Called By]<UL><LI><a href="#[88]">&gt;&gt;</a>&nbsp;&nbsp;&nbsp;init_HCLK
</UL>

<P><STRONG><a name="[66]"></a>CLK_SetHCLK</STRONG> (Thumb, 94 bytes, Stack size 16 bytes, clk.o(i.CLK_SetHCLK))
<BR><BR>[Stack]<UL><LI>Max Depth = 72<LI>Call Chain = CLK_SetHCLK &rArr; SystemCoreClockUpdate &rArr; SysGet_HCLKFreq &rArr; SysGet_PLLClockFreq
</UL>
<BR>[Calls]<UL><LI><a href="#[65]">&gt;&gt;</a>&nbsp;&nbsp;&nbsp;CLK_WaitClockReady
<LI><a href="#[67]">&gt;&gt;</a>&nbsp;&nbsp;&nbsp;SystemCoreClockUpdate
</UL>
<BR>[Called By]<UL><LI><a href="#[88]">&gt;&gt;</a>&nbsp;&nbsp;&nbsp;init_HCLK
</UL>

<P><STRONG><a name="[92]"></a>CLK_SetModuleClock</STRONG> (Thumb, 94 bytes, Stack size 20 bytes, clk.o(i.CLK_SetModuleClock))
<BR><BR>[Stack]<UL><LI>Max Depth = 20<LI>Call Chain = CLK_SetModuleClock
</UL>
<BR>[Called By]<UL><LI><a href="#[8d]">&gt;&gt;</a>&nbsp;&nbsp;&nbsp;init_UART1
<LI><a href="#[8c]">&gt;&gt;</a>&nbsp;&nbsp;&nbsp;init_UART0
<LI><a href="#[8b]">&gt;&gt;</a>&nbsp;&nbsp;&nbsp;init_TIMER1
<LI><a href="#[8a]">&gt;&gt;</a>&nbsp;&nbsp;&nbsp;init_TIMER0
<LI><a href="#[90]">&gt;&gt;</a>&nbsp;&nbsp;&nbsp;init_PWM1
<LI><a href="#[8f]">&gt;&gt;</a>&nbsp;&nbsp;&nbsp;init_ADC
</UL>

<P><STRONG><a name="[65]"></a>CLK_WaitClockReady</STRONG> (Thumb, 32 bytes, Stack size 0 bytes, clk.o(i.CLK_WaitClockReady))
<BR><BR>[Called By]<UL><LI><a href="#[66]">&gt;&gt;</a>&nbsp;&nbsp;&nbsp;CLK_SetHCLK
<LI><a href="#[64]">&gt;&gt;</a>&nbsp;&nbsp;&nbsp;CLK_EnableXtalRC
<LI><a href="#[88]">&gt;&gt;</a>&nbsp;&nbsp;&nbsp;init_HCLK
</UL>

<P><STRONG><a name="[7f]"></a>GPIO_SetMode</STRONG> (Thumb, 46 bytes, Stack size 16 bytes, gpio.o(i.GPIO_SetMode))
<BR><BR>[Stack]<UL><LI>Max Depth = 16<LI>Call Chain = GPIO_SetMode
</UL>
<BR>[Called By]<UL><LI><a href="#[87]">&gt;&gt;</a>&nbsp;&nbsp;&nbsp;test_GPIO
<LI><a href="#[84]">&gt;&gt;</a>&nbsp;&nbsp;&nbsp;i2c_init
<LI><a href="#[7e]">&gt;&gt;</a>&nbsp;&nbsp;&nbsp;button_init
</UL>

<P><STRONG><a name="[34]"></a>Hard_Fault_Handler</STRONG> (Thumb, 18 bytes, Stack size 0 bytes, retarget.o(i.Hard_Fault_Handler))
<BR><BR>[Stack]<UL><LI>Max Depth = 144 + Unknown Stack Size
<LI>Call Chain = Hard_Fault_Handler &rArr; stackDump &rArr; __2printf &rArr; _printf_char_file &rArr; _printf_char_common &rArr; __printf
</UL>
<BR>[Calls]<UL><LI><a href="#[53]">&gt;&gt;</a>&nbsp;&nbsp;&nbsp;__2printf
<LI><a href="#[68]">&gt;&gt;</a>&nbsp;&nbsp;&nbsp;stackDump
</UL>
<BR>[Address Reference Count : 1]<UL><LI> retarget.o(.emb_text)
</UL>
<P><STRONG><a name="[1c]"></a>PWM1_IRQHandler</STRONG> (Thumb, 18 bytes, Stack size 8 bytes, main.o(i.PWM1_IRQHandler))
<BR><BR>[Stack]<UL><LI>Max Depth = 160 + Unknown Stack Size
<LI>Call Chain = PWM1_IRQHandler &rArr; test_PWM1 &rArr; __2sprintf &rArr; _printf_char_common &rArr; __printf
</UL>
<BR>[Calls]<UL><LI><a href="#[69]">&gt;&gt;</a>&nbsp;&nbsp;&nbsp;test_PWM1
<LI><a href="#[6a]">&gt;&gt;</a>&nbsp;&nbsp;&nbsp;PWM_ClearCaptureIntFlag
</UL>
<BR>[Address Reference Count : 1]<UL><LI> startup_nano100series.o(RESET)
</UL>
<P><STRONG><a name="[6a]"></a>PWM_ClearCaptureIntFlag</STRONG> (Thumb, 12 bytes, Stack size 8 bytes, pwm.o(i.PWM_ClearCaptureIntFlag))
<BR><BR>[Stack]<UL><LI>Max Depth = 8<LI>Call Chain = PWM_ClearCaptureIntFlag
</UL>
<BR>[Called By]<UL><LI><a href="#[1c]">&gt;&gt;</a>&nbsp;&nbsp;&nbsp;PWM1_IRQHandler
</UL>

<P><STRONG><a name="[6b]"></a>PWM_ConfigCaptureChannel</STRONG> (Thumb, 412 bytes, Stack size 64 bytes, pwm.o(i.PWM_ConfigCaptureChannel))
<BR><BR>[Stack]<UL><LI>Max Depth = 112<LI>Call Chain = PWM_ConfigCaptureChannel &rArr; __aeabi_ldivmod &rArr; __aeabi_uldivmod
</UL>
<BR>[Calls]<UL><LI><a href="#[6d]">&gt;&gt;</a>&nbsp;&nbsp;&nbsp;__ARM_common_ll_muluu
<LI><a href="#[6e]">&gt;&gt;</a>&nbsp;&nbsp;&nbsp;__ARM_common_ll_mulss
<LI><a href="#[6c]">&gt;&gt;</a>&nbsp;&nbsp;&nbsp;__aeabi_uidivmod
<LI><a href="#[51]">&gt;&gt;</a>&nbsp;&nbsp;&nbsp;__aeabi_ldivmod
</UL>
<BR>[Called By]<UL><LI><a href="#[90]">&gt;&gt;</a>&nbsp;&nbsp;&nbsp;init_PWM1
</UL>

<P><STRONG><a name="[96]"></a>PWM_EnableCapture</STRONG> (Thumb, 44 bytes, Stack size 12 bytes, pwm.o(i.PWM_EnableCapture))
<BR><BR>[Stack]<UL><LI>Max Depth = 12<LI>Call Chain = PWM_EnableCapture
</UL>
<BR>[Called By]<UL><LI><a href="#[90]">&gt;&gt;</a>&nbsp;&nbsp;&nbsp;init_PWM1
</UL>

<P><STRONG><a name="[98]"></a>PWM_EnableCaptureInt</STRONG> (Thumb, 16 bytes, Stack size 12 bytes, pwm.o(i.PWM_EnableCaptureInt))
<BR><BR>[Stack]<UL><LI>Max Depth = 12<LI>Call Chain = PWM_EnableCaptureInt
</UL>
<BR>[Called By]<UL><LI><a href="#[90]">&gt;&gt;</a>&nbsp;&nbsp;&nbsp;init_PWM1
</UL>

<P><STRONG><a name="[97]"></a>PWM_Start</STRONG> (Thumb, 44 bytes, Stack size 12 bytes, pwm.o(i.PWM_Start))
<BR><BR>[Stack]<UL><LI>Max Depth = 12<LI>Call Chain = PWM_Start
</UL>
<BR>[Called By]<UL><LI><a href="#[90]">&gt;&gt;</a>&nbsp;&nbsp;&nbsp;init_PWM1
</UL>

<P><STRONG><a name="[6f]"></a>SendChar</STRONG> (Thumb, 12 bytes, Stack size 4 bytes, retarget.o(i.SendChar))
<BR><BR>[Stack]<UL><LI>Max Depth = 4<LI>Call Chain = SendChar
</UL>
<BR>[Calls]<UL><LI><a href="#[70]">&gt;&gt;</a>&nbsp;&nbsp;&nbsp;SendChar_ToUART
</UL>
<BR>[Called By]<UL><LI><a href="#[38]">&gt;&gt;</a>&nbsp;&nbsp;&nbsp;fputc
</UL>

<P><STRONG><a name="[70]"></a>SendChar_ToUART</STRONG> (Thumb, 22 bytes, Stack size 0 bytes, retarget.o(i.SendChar_ToUART))
<BR><BR>[Called By]<UL><LI><a href="#[6f]">&gt;&gt;</a>&nbsp;&nbsp;&nbsp;SendChar
</UL>

<P><STRONG><a name="[71]"></a>SysGet_HCLKFreq</STRONG> (Thumb, 68 bytes, Stack size 16 bytes, system_nano100series.o(i.SysGet_HCLKFreq))
<BR><BR>[Stack]<UL><LI>Max Depth = 48<LI>Call Chain = SysGet_HCLKFreq &rArr; SysGet_PLLClockFreq
</UL>
<BR>[Calls]<UL><LI><a href="#[6c]">&gt;&gt;</a>&nbsp;&nbsp;&nbsp;__aeabi_uidivmod
<LI><a href="#[72]">&gt;&gt;</a>&nbsp;&nbsp;&nbsp;SysGet_PLLClockFreq
</UL>
<BR>[Called By]<UL><LI><a href="#[67]">&gt;&gt;</a>&nbsp;&nbsp;&nbsp;SystemCoreClockUpdate
</UL>

<P><STRONG><a name="[72]"></a>SysGet_PLLClockFreq</STRONG> (Thumb, 120 bytes, Stack size 32 bytes, system_nano100series.o(i.SysGet_PLLClockFreq))
<BR><BR>[Stack]<UL><LI>Max Depth = 32<LI>Call Chain = SysGet_PLLClockFreq
</UL>
<BR>[Calls]<UL><LI><a href="#[6c]">&gt;&gt;</a>&nbsp;&nbsp;&nbsp;__aeabi_uidivmod
</UL>
<BR>[Called By]<UL><LI><a href="#[77]">&gt;&gt;</a>&nbsp;&nbsp;&nbsp;UART_Open
<LI><a href="#[71]">&gt;&gt;</a>&nbsp;&nbsp;&nbsp;SysGet_HCLKFreq
</UL>

<P><STRONG><a name="[14]"></a>SysTick_Handler</STRONG> (Thumb, 12 bytes, Stack size 0 bytes, main.o(i.SysTick_Handler))
<BR>[Address Reference Count : 1]<UL><LI> startup_nano100series.o(RESET)
</UL>
<P><STRONG><a name="[67]"></a>SystemCoreClockUpdate</STRONG> (Thumb, 30 bytes, Stack size 8 bytes, system_nano100series.o(i.SystemCoreClockUpdate))
<BR><BR>[Stack]<UL><LI>Max Depth = 56<LI>Call Chain = SystemCoreClockUpdate &rArr; SysGet_HCLKFreq &rArr; SysGet_PLLClockFreq
</UL>
<BR>[Calls]<UL><LI><a href="#[6c]">&gt;&gt;</a>&nbsp;&nbsp;&nbsp;__aeabi_uidivmod
<LI><a href="#[71]">&gt;&gt;</a>&nbsp;&nbsp;&nbsp;SysGet_HCLKFreq
</UL>
<BR>[Called By]<UL><LI><a href="#[66]">&gt;&gt;</a>&nbsp;&nbsp;&nbsp;CLK_SetHCLK
</UL>

<P><STRONG><a name="[74]"></a>TIMER_GetModuleClock</STRONG> (Thumb, 102 bytes, Stack size 28 bytes, timer.o(i.TIMER_GetModuleClock))
<BR><BR>[Stack]<UL><LI>Max Depth = 28<LI>Call Chain = TIMER_GetModuleClock
</UL>
<BR>[Called By]<UL><LI><a href="#[73]">&gt;&gt;</a>&nbsp;&nbsp;&nbsp;TIMER_Open
</UL>

<P><STRONG><a name="[73]"></a>TIMER_Open</STRONG> (Thumb, 102 bytes, Stack size 32 bytes, timer.o(i.TIMER_Open))
<BR><BR>[Stack]<UL><LI>Max Depth = 60<LI>Call Chain = TIMER_Open &rArr; TIMER_GetModuleClock
</UL>
<BR>[Calls]<UL><LI><a href="#[6c]">&gt;&gt;</a>&nbsp;&nbsp;&nbsp;__aeabi_uidivmod
<LI><a href="#[74]">&gt;&gt;</a>&nbsp;&nbsp;&nbsp;TIMER_GetModuleClock
</UL>
<BR>[Called By]<UL><LI><a href="#[8b]">&gt;&gt;</a>&nbsp;&nbsp;&nbsp;init_TIMER1
<LI><a href="#[8a]">&gt;&gt;</a>&nbsp;&nbsp;&nbsp;init_TIMER0
</UL>

<P><STRONG><a name="[1d]"></a>TMR0_IRQHandler</STRONG> (Thumb, 12 bytes, Stack size 0 bytes, main.o(i.TMR0_IRQHandler))
<BR>[Address Reference Count : 1]<UL><LI> startup_nano100series.o(RESET)
</UL>
<P><STRONG><a name="[1e]"></a>TMR1_IRQHandler</STRONG> (Thumb, 28 bytes, Stack size 8 bytes, main.o(i.TMR1_IRQHandler))
<BR><BR>[Stack]<UL><LI>Max Depth = 224 + Unknown Stack Size
<LI>Call Chain = TMR1_IRQHandler &rArr; test_cc2541 &rArr; __2sprintf &rArr; _printf_char_common &rArr; __printf
</UL>
<BR>[Calls]<UL><LI><a href="#[75]">&gt;&gt;</a>&nbsp;&nbsp;&nbsp;test_cc2541
<LI><a href="#[76]">&gt;&gt;</a>&nbsp;&nbsp;&nbsp;test_bh1750
</UL>
<BR>[Address Reference Count : 1]<UL><LI> startup_nano100series.o(RESET)
</UL>
<P><STRONG><a name="[21]"></a>UART0_IRQHandler</STRONG> (Thumb, 10 bytes, Stack size 0 bytes, main.o(i.UART0_IRQHandler))
<BR>[Address Reference Count : 1]<UL><LI> startup_nano100series.o(RESET)
</UL>
<P><STRONG><a name="[22]"></a>UART1_IRQHandler</STRONG> (Thumb, 10 bytes, Stack size 0 bytes, main.o(i.UART1_IRQHandler))
<BR>[Address Reference Count : 1]<UL><LI> startup_nano100series.o(RESET)
</UL>
<P><STRONG><a name="[77]"></a>UART_Open</STRONG> (Thumb, 146 bytes, Stack size 48 bytes, uart.o(i.UART_Open))
<BR><BR>[Stack]<UL><LI>Max Depth = 80<LI>Call Chain = UART_Open &rArr; SysGet_PLLClockFreq
</UL>
<BR>[Calls]<UL><LI><a href="#[6c]">&gt;&gt;</a>&nbsp;&nbsp;&nbsp;__aeabi_uidivmod
<LI><a href="#[72]">&gt;&gt;</a>&nbsp;&nbsp;&nbsp;SysGet_PLLClockFreq
</UL>
<BR>[Called By]<UL><LI><a href="#[8d]">&gt;&gt;</a>&nbsp;&nbsp;&nbsp;init_UART1
<LI><a href="#[8c]">&gt;&gt;</a>&nbsp;&nbsp;&nbsp;init_UART0
</UL>

<P><STRONG><a name="[6e]"></a>__ARM_common_ll_mulss</STRONG> (Thumb, 48 bytes, Stack size 24 bytes, pwm.o(i.__ARM_common_ll_mulss))
<BR><BR>[Stack]<UL><LI>Max Depth = 24<LI>Call Chain = __ARM_common_ll_mulss
</UL>
<BR>[Called By]<UL><LI><a href="#[6b]">&gt;&gt;</a>&nbsp;&nbsp;&nbsp;PWM_ConfigCaptureChannel
</UL>

<P><STRONG><a name="[6d]"></a>__ARM_common_ll_muluu</STRONG> (Thumb, 48 bytes, Stack size 24 bytes, pwm.o(i.__ARM_common_ll_muluu))
<BR><BR>[Stack]<UL><LI>Max Depth = 24<LI>Call Chain = __ARM_common_ll_muluu
</UL>
<BR>[Called By]<UL><LI><a href="#[6b]">&gt;&gt;</a>&nbsp;&nbsp;&nbsp;PWM_ConfigCaptureChannel
</UL>

<P><STRONG><a name="[5c]"></a>_is_digit</STRONG> (Thumb, 14 bytes, Stack size 0 bytes, __printf_wp.o(i._is_digit))
<BR><BR>[Called By]<UL><LI><a href="#[5b]">&gt;&gt;</a>&nbsp;&nbsp;&nbsp;__printf
</UL>

<P><STRONG><a name="[78]"></a>bh1750_read</STRONG> (Thumb, 86 bytes, Stack size 8 bytes, bh1750.o(i.bh1750_read))
<BR><BR>[Stack]<UL><LI>Max Depth = 40<LI>Call Chain = bh1750_read &rArr; bh1750_write &rArr; i2c_write
</UL>
<BR>[Calls]<UL><LI><a href="#[79]">&gt;&gt;</a>&nbsp;&nbsp;&nbsp;bh1750_write
<LI><a href="#[7b]">&gt;&gt;</a>&nbsp;&nbsp;&nbsp;i2c_write
<LI><a href="#[7d]">&gt;&gt;</a>&nbsp;&nbsp;&nbsp;i2c_stop
<LI><a href="#[7a]">&gt;&gt;</a>&nbsp;&nbsp;&nbsp;i2c_start
<LI><a href="#[7c]">&gt;&gt;</a>&nbsp;&nbsp;&nbsp;i2c_read
</UL>
<BR>[Called By]<UL><LI><a href="#[76]">&gt;&gt;</a>&nbsp;&nbsp;&nbsp;test_bh1750
</UL>

<P><STRONG><a name="[79]"></a>bh1750_write</STRONG> (Thumb, 34 bytes, Stack size 16 bytes, bh1750.o(i.bh1750_write))
<BR><BR>[Stack]<UL><LI>Max Depth = 32<LI>Call Chain = bh1750_write &rArr; i2c_write
</UL>
<BR>[Calls]<UL><LI><a href="#[7b]">&gt;&gt;</a>&nbsp;&nbsp;&nbsp;i2c_write
<LI><a href="#[7d]">&gt;&gt;</a>&nbsp;&nbsp;&nbsp;i2c_stop
<LI><a href="#[7a]">&gt;&gt;</a>&nbsp;&nbsp;&nbsp;i2c_start
</UL>
<BR>[Called By]<UL><LI><a href="#[78]">&gt;&gt;</a>&nbsp;&nbsp;&nbsp;bh1750_read
</UL>

<P><STRONG><a name="[7e]"></a>button_init</STRONG> (Thumb, 26 bytes, Stack size 8 bytes, button.o(i.button_init))
<BR><BR>[Stack]<UL><LI>Max Depth = 24<LI>Call Chain = button_init &rArr; GPIO_SetMode
</UL>
<BR>[Calls]<UL><LI><a href="#[7f]">&gt;&gt;</a>&nbsp;&nbsp;&nbsp;GPIO_SetMode
</UL>
<BR>[Called By]<UL><LI><a href="#[86]">&gt;&gt;</a>&nbsp;&nbsp;&nbsp;init
</UL>

<P><STRONG><a name="[80]"></a>cc2541_init</STRONG> (Thumb, 56 bytes, Stack size 8 bytes, cc2541.o(i.cc2541_init))
<BR><BR>[Stack]<UL><LI>Max Depth = 32<LI>Call Chain = cc2541_init &rArr; transmit_UART
</UL>
<BR>[Calls]<UL><LI><a href="#[81]">&gt;&gt;</a>&nbsp;&nbsp;&nbsp;transmit_UART
</UL>
<BR>[Called By]<UL><LI><a href="#[86]">&gt;&gt;</a>&nbsp;&nbsp;&nbsp;init
</UL>

<P><STRONG><a name="[39]"></a>delay_ms</STRONG> (Thumb, 18 bytes, Stack size 0 bytes, main.o(i.delay_ms))
<BR><BR>[Called By]<UL><LI><a href="#[4b]">&gt;&gt;</a>&nbsp;&nbsp;&nbsp;main
</UL>
<BR>[Address Reference Count : 2]<UL><LI> main.o(i.TMR1_IRQHandler)
<LI> main.o(i.init)
</UL>
<P><STRONG><a name="[60]"></a>ferror</STRONG> (Thumb, 8 bytes, Stack size 0 bytes, retarget.o(i.ferror))
<BR><BR>[Called By]<UL><LI><a href="#[54]">&gt;&gt;</a>&nbsp;&nbsp;&nbsp;_printf_char_file
</UL>

<P><STRONG><a name="[38]"></a>fputc</STRONG> (Thumb, 16 bytes, Stack size 12 bytes, retarget.o(i.fputc))
<BR><BR>[Stack]<UL><LI>Max Depth = 16<LI>Call Chain = fputc &rArr; SendChar
</UL>
<BR>[Calls]<UL><LI><a href="#[6f]">&gt;&gt;</a>&nbsp;&nbsp;&nbsp;SendChar
</UL>
<BR>[Address Reference Count : 1]<UL><LI> _printf_char_file.o(.text)
</UL>
<P><STRONG><a name="[82]"></a>get_temperature</STRONG> (Thumb, 148 bytes, Stack size 24 bytes, thermistor.o(i.get_temperature))
<BR><BR>[Stack]<UL><LI>Max Depth = 32<LI>Call Chain = get_temperature &rArr; __aeabi_idivmod
</UL>
<BR>[Calls]<UL><LI><a href="#[83]">&gt;&gt;</a>&nbsp;&nbsp;&nbsp;__aeabi_idivmod
</UL>
<BR>[Called By]<UL><LI><a href="#[75]">&gt;&gt;</a>&nbsp;&nbsp;&nbsp;test_cc2541
</UL>

<P><STRONG><a name="[84]"></a>i2c_init</STRONG> (Thumb, 26 bytes, Stack size 8 bytes, nano100_i2c.o(i.i2c_init))
<BR><BR>[Stack]<UL><LI>Max Depth = 24<LI>Call Chain = i2c_init &rArr; GPIO_SetMode
</UL>
<BR>[Calls]<UL><LI><a href="#[7f]">&gt;&gt;</a>&nbsp;&nbsp;&nbsp;GPIO_SetMode
</UL>
<BR>[Called By]<UL><LI><a href="#[86]">&gt;&gt;</a>&nbsp;&nbsp;&nbsp;init
</UL>

<P><STRONG><a name="[7c]"></a>i2c_read</STRONG> (Thumb, 386 bytes, Stack size 16 bytes, nano100_i2c.o(i.i2c_read))
<BR><BR>[Stack]<UL><LI>Max Depth = 16<LI>Call Chain = i2c_read
</UL>
<BR>[Calls]<UL><LI><a href="#[85]">&gt;&gt;</a>&nbsp;&nbsp;&nbsp;delay
</UL>
<BR>[Called By]<UL><LI><a href="#[78]">&gt;&gt;</a>&nbsp;&nbsp;&nbsp;bh1750_read
</UL>

<P><STRONG><a name="[7a]"></a>i2c_start</STRONG> (Thumb, 70 bytes, Stack size 8 bytes, nano100_i2c.o(i.i2c_start))
<BR><BR>[Stack]<UL><LI>Max Depth = 8<LI>Call Chain = i2c_start
</UL>
<BR>[Calls]<UL><LI><a href="#[85]">&gt;&gt;</a>&nbsp;&nbsp;&nbsp;delay
</UL>
<BR>[Called By]<UL><LI><a href="#[79]">&gt;&gt;</a>&nbsp;&nbsp;&nbsp;bh1750_write
<LI><a href="#[78]">&gt;&gt;</a>&nbsp;&nbsp;&nbsp;bh1750_read
</UL>

<P><STRONG><a name="[7d]"></a>i2c_stop</STRONG> (Thumb, 40 bytes, Stack size 8 bytes, nano100_i2c.o(i.i2c_stop))
<BR><BR>[Stack]<UL><LI>Max Depth = 8<LI>Call Chain = i2c_stop
</UL>
<BR>[Calls]<UL><LI><a href="#[85]">&gt;&gt;</a>&nbsp;&nbsp;&nbsp;delay
</UL>
<BR>[Called By]<UL><LI><a href="#[79]">&gt;&gt;</a>&nbsp;&nbsp;&nbsp;bh1750_write
<LI><a href="#[78]">&gt;&gt;</a>&nbsp;&nbsp;&nbsp;bh1750_read
</UL>

<P><STRONG><a name="[7b]"></a>i2c_write</STRONG> (Thumb, 312 bytes, Stack size 16 bytes, nano100_i2c.o(i.i2c_write))
<BR><BR>[Stack]<UL><LI>Max Depth = 16<LI>Call Chain = i2c_write
</UL>
<BR>[Calls]<UL><LI><a href="#[85]">&gt;&gt;</a>&nbsp;&nbsp;&nbsp;delay
</UL>
<BR>[Called By]<UL><LI><a href="#[79]">&gt;&gt;</a>&nbsp;&nbsp;&nbsp;bh1750_write
<LI><a href="#[78]">&gt;&gt;</a>&nbsp;&nbsp;&nbsp;bh1750_read
</UL>

<P><STRONG><a name="[86]"></a>init</STRONG> (Thumb, 116 bytes, Stack size 8 bytes, main.o(i.init))
<BR><BR>[Stack]<UL><LI>Max Depth = 128<LI>Call Chain = init &rArr; init_PWM1 &rArr; PWM_ConfigCaptureChannel &rArr; __aeabi_ldivmod &rArr; __aeabi_uldivmod
</UL>
<BR>[Calls]<UL><LI><a href="#[87]">&gt;&gt;</a>&nbsp;&nbsp;&nbsp;test_GPIO
<LI><a href="#[8e]">&gt;&gt;</a>&nbsp;&nbsp;&nbsp;lcd_init
<LI><a href="#[8d]">&gt;&gt;</a>&nbsp;&nbsp;&nbsp;init_UART1
<LI><a href="#[8c]">&gt;&gt;</a>&nbsp;&nbsp;&nbsp;init_UART0
<LI><a href="#[8b]">&gt;&gt;</a>&nbsp;&nbsp;&nbsp;init_TIMER1
<LI><a href="#[8a]">&gt;&gt;</a>&nbsp;&nbsp;&nbsp;init_TIMER0
<LI><a href="#[90]">&gt;&gt;</a>&nbsp;&nbsp;&nbsp;init_PWM1
<LI><a href="#[88]">&gt;&gt;</a>&nbsp;&nbsp;&nbsp;init_HCLK
<LI><a href="#[8f]">&gt;&gt;</a>&nbsp;&nbsp;&nbsp;init_ADC
<LI><a href="#[84]">&gt;&gt;</a>&nbsp;&nbsp;&nbsp;i2c_init
<LI><a href="#[80]">&gt;&gt;</a>&nbsp;&nbsp;&nbsp;cc2541_init
<LI><a href="#[7e]">&gt;&gt;</a>&nbsp;&nbsp;&nbsp;button_init
<LI><a href="#[89]">&gt;&gt;</a>&nbsp;&nbsp;&nbsp;__NVIC_SetPriority
<LI><a href="#[6c]">&gt;&gt;</a>&nbsp;&nbsp;&nbsp;__aeabi_uidivmod
</UL>
<BR>[Called By]<UL><LI><a href="#[4b]">&gt;&gt;</a>&nbsp;&nbsp;&nbsp;main
</UL>

<P><STRONG><a name="[8f]"></a>init_ADC</STRONG> (Thumb, 224 bytes, Stack size 8 bytes, nano100_adc.o(i.init_ADC))
<BR><BR>[Stack]<UL><LI>Max Depth = 28<LI>Call Chain = init_ADC &rArr; CLK_SetModuleClock
</UL>
<BR>[Calls]<UL><LI><a href="#[93]">&gt;&gt;</a>&nbsp;&nbsp;&nbsp;ADC_Open
<LI><a href="#[94]">&gt;&gt;</a>&nbsp;&nbsp;&nbsp;ADC_EnableInt
<LI><a href="#[92]">&gt;&gt;</a>&nbsp;&nbsp;&nbsp;CLK_SetModuleClock
<LI><a href="#[91]">&gt;&gt;</a>&nbsp;&nbsp;&nbsp;CLK_EnableModuleClock
</UL>
<BR>[Called By]<UL><LI><a href="#[86]">&gt;&gt;</a>&nbsp;&nbsp;&nbsp;init
</UL>

<P><STRONG><a name="[88]"></a>init_HCLK</STRONG> (Thumb, 60 bytes, Stack size 8 bytes, default.o(i.init_HCLK))
<BR><BR>[Stack]<UL><LI>Max Depth = 80<LI>Call Chain = init_HCLK &rArr; CLK_SetHCLK &rArr; SystemCoreClockUpdate &rArr; SysGet_HCLKFreq &rArr; SysGet_PLLClockFreq
</UL>
<BR>[Calls]<UL><LI><a href="#[65]">&gt;&gt;</a>&nbsp;&nbsp;&nbsp;CLK_WaitClockReady
<LI><a href="#[66]">&gt;&gt;</a>&nbsp;&nbsp;&nbsp;CLK_SetHCLK
<LI><a href="#[64]">&gt;&gt;</a>&nbsp;&nbsp;&nbsp;CLK_EnableXtalRC
</UL>
<BR>[Called By]<UL><LI><a href="#[86]">&gt;&gt;</a>&nbsp;&nbsp;&nbsp;init
</UL>

<P><STRONG><a name="[90]"></a>init_PWM1</STRONG> (Thumb, 138 bytes, Stack size 8 bytes, nano100_pwm.o(i.init_PWM1))
<BR><BR>[Stack]<UL><LI>Max Depth = 120<LI>Call Chain = init_PWM1 &rArr; PWM_ConfigCaptureChannel &rArr; __aeabi_ldivmod &rArr; __aeabi_uldivmod
</UL>
<BR>[Calls]<UL><LI><a href="#[97]">&gt;&gt;</a>&nbsp;&nbsp;&nbsp;PWM_Start
<LI><a href="#[98]">&gt;&gt;</a>&nbsp;&nbsp;&nbsp;PWM_EnableCaptureInt
<LI><a href="#[96]">&gt;&gt;</a>&nbsp;&nbsp;&nbsp;PWM_EnableCapture
<LI><a href="#[6b]">&gt;&gt;</a>&nbsp;&nbsp;&nbsp;PWM_ConfigCaptureChannel
<LI><a href="#[95]">&gt;&gt;</a>&nbsp;&nbsp;&nbsp;SYS_UnlockReg
<LI><a href="#[92]">&gt;&gt;</a>&nbsp;&nbsp;&nbsp;CLK_SetModuleClock
<LI><a href="#[91]">&gt;&gt;</a>&nbsp;&nbsp;&nbsp;CLK_EnableModuleClock
</UL>
<BR>[Called By]<UL><LI><a href="#[86]">&gt;&gt;</a>&nbsp;&nbsp;&nbsp;init
</UL>

<P><STRONG><a name="[8a]"></a>init_TIMER0</STRONG> (Thumb, 64 bytes, Stack size 8 bytes, nano100_timer.o(i.init_TIMER0))
<BR><BR>[Stack]<UL><LI>Max Depth = 68<LI>Call Chain = init_TIMER0 &rArr; TIMER_Open &rArr; TIMER_GetModuleClock
</UL>
<BR>[Calls]<UL><LI><a href="#[73]">&gt;&gt;</a>&nbsp;&nbsp;&nbsp;TIMER_Open
<LI><a href="#[92]">&gt;&gt;</a>&nbsp;&nbsp;&nbsp;CLK_SetModuleClock
<LI><a href="#[91]">&gt;&gt;</a>&nbsp;&nbsp;&nbsp;CLK_EnableModuleClock
<LI><a href="#[9c]">&gt;&gt;</a>&nbsp;&nbsp;&nbsp;__NVIC_EnableIRQ
<LI><a href="#[9a]">&gt;&gt;</a>&nbsp;&nbsp;&nbsp;TIMER_Start
<LI><a href="#[9b]">&gt;&gt;</a>&nbsp;&nbsp;&nbsp;TIMER_EnableInt
<LI><a href="#[99]">&gt;&gt;</a>&nbsp;&nbsp;&nbsp;SYS_UnlockReg
</UL>
<BR>[Called By]<UL><LI><a href="#[86]">&gt;&gt;</a>&nbsp;&nbsp;&nbsp;init
</UL>

<P><STRONG><a name="[8b]"></a>init_TIMER1</STRONG> (Thumb, 94 bytes, Stack size 8 bytes, nano100_timer.o(i.init_TIMER1))
<BR><BR>[Stack]<UL><LI>Max Depth = 68<LI>Call Chain = init_TIMER1 &rArr; TIMER_Open &rArr; TIMER_GetModuleClock
</UL>
<BR>[Calls]<UL><LI><a href="#[73]">&gt;&gt;</a>&nbsp;&nbsp;&nbsp;TIMER_Open
<LI><a href="#[92]">&gt;&gt;</a>&nbsp;&nbsp;&nbsp;CLK_SetModuleClock
<LI><a href="#[91]">&gt;&gt;</a>&nbsp;&nbsp;&nbsp;CLK_EnableModuleClock
<LI><a href="#[9c]">&gt;&gt;</a>&nbsp;&nbsp;&nbsp;__NVIC_EnableIRQ
<LI><a href="#[9a]">&gt;&gt;</a>&nbsp;&nbsp;&nbsp;TIMER_Start
<LI><a href="#[9b]">&gt;&gt;</a>&nbsp;&nbsp;&nbsp;TIMER_EnableInt
<LI><a href="#[99]">&gt;&gt;</a>&nbsp;&nbsp;&nbsp;SYS_UnlockReg
</UL>
<BR>[Called By]<UL><LI><a href="#[86]">&gt;&gt;</a>&nbsp;&nbsp;&nbsp;init
</UL>

<P><STRONG><a name="[8c]"></a>init_UART0</STRONG> (Thumb, 120 bytes, Stack size 8 bytes, nano100_uart.o(i.init_UART0))
<BR><BR>[Stack]<UL><LI>Max Depth = 88<LI>Call Chain = init_UART0 &rArr; UART_Open &rArr; SysGet_PLLClockFreq
</UL>
<BR>[Calls]<UL><LI><a href="#[77]">&gt;&gt;</a>&nbsp;&nbsp;&nbsp;UART_Open
<LI><a href="#[9e]">&gt;&gt;</a>&nbsp;&nbsp;&nbsp;__NVIC_EnableIRQ
<LI><a href="#[9d]">&gt;&gt;</a>&nbsp;&nbsp;&nbsp;SYS_UnlockReg
<LI><a href="#[92]">&gt;&gt;</a>&nbsp;&nbsp;&nbsp;CLK_SetModuleClock
<LI><a href="#[91]">&gt;&gt;</a>&nbsp;&nbsp;&nbsp;CLK_EnableModuleClock
</UL>
<BR>[Called By]<UL><LI><a href="#[86]">&gt;&gt;</a>&nbsp;&nbsp;&nbsp;init
</UL>

<P><STRONG><a name="[8d]"></a>init_UART1</STRONG> (Thumb, 128 bytes, Stack size 8 bytes, nano100_uart.o(i.init_UART1))
<BR><BR>[Stack]<UL><LI>Max Depth = 88<LI>Call Chain = init_UART1 &rArr; UART_Open &rArr; SysGet_PLLClockFreq
</UL>
<BR>[Calls]<UL><LI><a href="#[77]">&gt;&gt;</a>&nbsp;&nbsp;&nbsp;UART_Open
<LI><a href="#[9e]">&gt;&gt;</a>&nbsp;&nbsp;&nbsp;__NVIC_EnableIRQ
<LI><a href="#[9d]">&gt;&gt;</a>&nbsp;&nbsp;&nbsp;SYS_UnlockReg
<LI><a href="#[92]">&gt;&gt;</a>&nbsp;&nbsp;&nbsp;CLK_SetModuleClock
<LI><a href="#[91]">&gt;&gt;</a>&nbsp;&nbsp;&nbsp;CLK_EnableModuleClock
</UL>
<BR>[Called By]<UL><LI><a href="#[86]">&gt;&gt;</a>&nbsp;&nbsp;&nbsp;init
</UL>

<P><STRONG><a name="[a3]"></a>irdecode</STRONG> (Thumb, 136 bytes, Stack size 0 bytes, test.o(i.irdecode))
<BR><BR>[Called By]<UL><LI><a href="#[69]">&gt;&gt;</a>&nbsp;&nbsp;&nbsp;test_PWM1
</UL>

<P><STRONG><a name="[9f]"></a>lcd_cmd</STRONG> (Thumb, 52 bytes, Stack size 8 bytes, lcd1602.o(i.lcd_cmd))
<BR><BR>[Stack]<UL><LI>Max Depth = 8<LI>Call Chain = lcd_cmd
</UL>
<BR>[Calls]<UL><LI><a href="#[a0]">&gt;&gt;</a>&nbsp;&nbsp;&nbsp;delay
</UL>
<BR>[Called By]<UL><LI><a href="#[a1]">&gt;&gt;</a>&nbsp;&nbsp;&nbsp;lcd_print
<LI><a href="#[8e]">&gt;&gt;</a>&nbsp;&nbsp;&nbsp;lcd_init
</UL>

<P><STRONG><a name="[8e]"></a>lcd_init</STRONG> (Thumb, 134 bytes, Stack size 8 bytes, lcd1602.o(i.lcd_init))
<BR><BR>[Stack]<UL><LI>Max Depth = 32<LI>Call Chain = lcd_init &rArr; lcd_print &rArr; lcd_put
</UL>
<BR>[Calls]<UL><LI><a href="#[9f]">&gt;&gt;</a>&nbsp;&nbsp;&nbsp;lcd_cmd
<LI><a href="#[a1]">&gt;&gt;</a>&nbsp;&nbsp;&nbsp;lcd_print
</UL>
<BR>[Called By]<UL><LI><a href="#[86]">&gt;&gt;</a>&nbsp;&nbsp;&nbsp;init
</UL>

<P><STRONG><a name="[a1]"></a>lcd_print</STRONG> (Thumb, 34 bytes, Stack size 16 bytes, lcd1602.o(i.lcd_print))
<BR><BR>[Stack]<UL><LI>Max Depth = 24<LI>Call Chain = lcd_print &rArr; lcd_put
</UL>
<BR>[Calls]<UL><LI><a href="#[a2]">&gt;&gt;</a>&nbsp;&nbsp;&nbsp;lcd_put
<LI><a href="#[9f]">&gt;&gt;</a>&nbsp;&nbsp;&nbsp;lcd_cmd
</UL>
<BR>[Called By]<UL><LI><a href="#[75]">&gt;&gt;</a>&nbsp;&nbsp;&nbsp;test_cc2541
<LI><a href="#[76]">&gt;&gt;</a>&nbsp;&nbsp;&nbsp;test_bh1750
<LI><a href="#[69]">&gt;&gt;</a>&nbsp;&nbsp;&nbsp;test_PWM1
<LI><a href="#[8e]">&gt;&gt;</a>&nbsp;&nbsp;&nbsp;lcd_init
<LI><a href="#[4b]">&gt;&gt;</a>&nbsp;&nbsp;&nbsp;main
</UL>

<P><STRONG><a name="[a2]"></a>lcd_put</STRONG> (Thumb, 54 bytes, Stack size 8 bytes, lcd1602.o(i.lcd_put))
<BR><BR>[Stack]<UL><LI>Max Depth = 8<LI>Call Chain = lcd_put
</UL>
<BR>[Calls]<UL><LI><a href="#[a0]">&gt;&gt;</a>&nbsp;&nbsp;&nbsp;delay
</UL>
<BR>[Called By]<UL><LI><a href="#[a1]">&gt;&gt;</a>&nbsp;&nbsp;&nbsp;lcd_print
</UL>

<P><STRONG><a name="[4b]"></a>main</STRONG> (Thumb, 24 bytes, Stack size 0 bytes, main.o(i.main))
<BR><BR>[Stack]<UL><LI>Max Depth = 128<LI>Call Chain = main &rArr; init &rArr; init_PWM1 &rArr; PWM_ConfigCaptureChannel &rArr; __aeabi_ldivmod &rArr; __aeabi_uldivmod
</UL>
<BR>[Calls]<UL><LI><a href="#[a1]">&gt;&gt;</a>&nbsp;&nbsp;&nbsp;lcd_print
<LI><a href="#[86]">&gt;&gt;</a>&nbsp;&nbsp;&nbsp;init
<LI><a href="#[39]">&gt;&gt;</a>&nbsp;&nbsp;&nbsp;delay_ms
</UL>
<BR>[Called By]<UL><LI><a href="#[4a]">&gt;&gt;</a>&nbsp;&nbsp;&nbsp;__rt_entry_main
</UL>

<P><STRONG><a name="[68]"></a>stackDump</STRONG> (Thumb, 70 bytes, Stack size 8 bytes, retarget.o(i.stackDump))
<BR><BR>[Stack]<UL><LI>Max Depth = 144 + Unknown Stack Size
<LI>Call Chain = stackDump &rArr; __2printf &rArr; _printf_char_file &rArr; _printf_char_common &rArr; __printf
</UL>
<BR>[Calls]<UL><LI><a href="#[53]">&gt;&gt;</a>&nbsp;&nbsp;&nbsp;__2printf
</UL>
<BR>[Called By]<UL><LI><a href="#[34]">&gt;&gt;</a>&nbsp;&nbsp;&nbsp;Hard_Fault_Handler
</UL>

<P><STRONG><a name="[87]"></a>test_GPIO</STRONG> (Thumb, 26 bytes, Stack size 8 bytes, test.o(i.test_GPIO))
<BR><BR>[Stack]<UL><LI>Max Depth = 24<LI>Call Chain = test_GPIO &rArr; GPIO_SetMode
</UL>
<BR>[Calls]<UL><LI><a href="#[7f]">&gt;&gt;</a>&nbsp;&nbsp;&nbsp;GPIO_SetMode
</UL>
<BR>[Called By]<UL><LI><a href="#[86]">&gt;&gt;</a>&nbsp;&nbsp;&nbsp;init
</UL>

<P><STRONG><a name="[69]"></a>test_PWM1</STRONG> (Thumb, 100 bytes, Stack size 24 bytes, test.o(i.test_PWM1))
<BR><BR>[Stack]<UL><LI>Max Depth = 152 + Unknown Stack Size
<LI>Call Chain = test_PWM1 &rArr; __2sprintf &rArr; _printf_char_common &rArr; __printf
</UL>
<BR>[Calls]<UL><LI><a href="#[a3]">&gt;&gt;</a>&nbsp;&nbsp;&nbsp;irdecode
<LI><a href="#[a1]">&gt;&gt;</a>&nbsp;&nbsp;&nbsp;lcd_print
<LI><a href="#[55]">&gt;&gt;</a>&nbsp;&nbsp;&nbsp;__2sprintf
</UL>
<BR>[Called By]<UL><LI><a href="#[1c]">&gt;&gt;</a>&nbsp;&nbsp;&nbsp;PWM1_IRQHandler
</UL>

<P><STRONG><a name="[76]"></a>test_bh1750</STRONG> (Thumb, 32 bytes, Stack size 16 bytes, test.o(i.test_bh1750))
<BR><BR>[Stack]<UL><LI>Max Depth = 144 + Unknown Stack Size
<LI>Call Chain = test_bh1750 &rArr; __2sprintf &rArr; _printf_char_common &rArr; __printf
</UL>
<BR>[Calls]<UL><LI><a href="#[78]">&gt;&gt;</a>&nbsp;&nbsp;&nbsp;bh1750_read
<LI><a href="#[a1]">&gt;&gt;</a>&nbsp;&nbsp;&nbsp;lcd_print
<LI><a href="#[55]">&gt;&gt;</a>&nbsp;&nbsp;&nbsp;__2sprintf
</UL>
<BR>[Called By]<UL><LI><a href="#[1e]">&gt;&gt;</a>&nbsp;&nbsp;&nbsp;TMR1_IRQHandler
</UL>

<P><STRONG><a name="[75]"></a>test_cc2541</STRONG> (Thumb, 92 bytes, Stack size 88 bytes, test.o(i.test_cc2541))
<BR><BR>[Stack]<UL><LI>Max Depth = 216 + Unknown Stack Size
<LI>Call Chain = test_cc2541 &rArr; __2sprintf &rArr; _printf_char_common &rArr; __printf
</UL>
<BR>[Calls]<UL><LI><a href="#[82]">&gt;&gt;</a>&nbsp;&nbsp;&nbsp;get_temperature
<LI><a href="#[a1]">&gt;&gt;</a>&nbsp;&nbsp;&nbsp;lcd_print
<LI><a href="#[83]">&gt;&gt;</a>&nbsp;&nbsp;&nbsp;__aeabi_idivmod
<LI><a href="#[55]">&gt;&gt;</a>&nbsp;&nbsp;&nbsp;__2sprintf
</UL>
<BR>[Called By]<UL><LI><a href="#[1e]">&gt;&gt;</a>&nbsp;&nbsp;&nbsp;TMR1_IRQHandler
</UL>

<P><STRONG><a name="[81]"></a>transmit_UART</STRONG> (Thumb, 30 bytes, Stack size 24 bytes, nano100_uart.o(i.transmit_UART))
<BR><BR>[Stack]<UL><LI>Max Depth = 24<LI>Call Chain = transmit_UART
</UL>
<BR>[Called By]<UL><LI><a href="#[80]">&gt;&gt;</a>&nbsp;&nbsp;&nbsp;cc2541_init
</UL>
<P>
<H3>
Local Symbols
</H3>
<P><STRONG><a name="[89]"></a>__NVIC_SetPriority</STRONG> (Thumb, 110 bytes, Stack size 8 bytes, main.o(i.__NVIC_SetPriority))
<BR><BR>[Stack]<UL><LI>Max Depth = 8<LI>Call Chain = __NVIC_SetPriority
</UL>
<BR>[Called By]<UL><LI><a href="#[86]">&gt;&gt;</a>&nbsp;&nbsp;&nbsp;init
</UL>

<P><STRONG><a name="[99]"></a>SYS_UnlockReg</STRONG> (Thumb, 26 bytes, Stack size 0 bytes, nano100_timer.o(i.SYS_UnlockReg))
<BR><BR>[Called By]<UL><LI><a href="#[8b]">&gt;&gt;</a>&nbsp;&nbsp;&nbsp;init_TIMER1
<LI><a href="#[8a]">&gt;&gt;</a>&nbsp;&nbsp;&nbsp;init_TIMER0
</UL>

<P><STRONG><a name="[9b]"></a>TIMER_EnableInt</STRONG> (Thumb, 10 bytes, Stack size 0 bytes, nano100_timer.o(i.TIMER_EnableInt))
<BR><BR>[Called By]<UL><LI><a href="#[8b]">&gt;&gt;</a>&nbsp;&nbsp;&nbsp;init_TIMER1
<LI><a href="#[8a]">&gt;&gt;</a>&nbsp;&nbsp;&nbsp;init_TIMER0
</UL>

<P><STRONG><a name="[9a]"></a>TIMER_Start</STRONG> (Thumb, 10 bytes, Stack size 0 bytes, nano100_timer.o(i.TIMER_Start))
<BR><BR>[Called By]<UL><LI><a href="#[8b]">&gt;&gt;</a>&nbsp;&nbsp;&nbsp;init_TIMER1
<LI><a href="#[8a]">&gt;&gt;</a>&nbsp;&nbsp;&nbsp;init_TIMER0
</UL>

<P><STRONG><a name="[9c]"></a>__NVIC_EnableIRQ</STRONG> (Thumb, 18 bytes, Stack size 0 bytes, nano100_timer.o(i.__NVIC_EnableIRQ))
<BR><BR>[Called By]<UL><LI><a href="#[8b]">&gt;&gt;</a>&nbsp;&nbsp;&nbsp;init_TIMER1
<LI><a href="#[8a]">&gt;&gt;</a>&nbsp;&nbsp;&nbsp;init_TIMER0
</UL>

<P><STRONG><a name="[9d]"></a>SYS_UnlockReg</STRONG> (Thumb, 26 bytes, Stack size 0 bytes, nano100_uart.o(i.SYS_UnlockReg))
<BR><BR>[Called By]<UL><LI><a href="#[8d]">&gt;&gt;</a>&nbsp;&nbsp;&nbsp;init_UART1
<LI><a href="#[8c]">&gt;&gt;</a>&nbsp;&nbsp;&nbsp;init_UART0
</UL>

<P><STRONG><a name="[9e]"></a>__NVIC_EnableIRQ</STRONG> (Thumb, 18 bytes, Stack size 0 bytes, nano100_uart.o(i.__NVIC_EnableIRQ))
<BR><BR>[Called By]<UL><LI><a href="#[8d]">&gt;&gt;</a>&nbsp;&nbsp;&nbsp;init_UART1
<LI><a href="#[8c]">&gt;&gt;</a>&nbsp;&nbsp;&nbsp;init_UART0
</UL>

<P><STRONG><a name="[a0]"></a>delay</STRONG> (Thumb, 12 bytes, Stack size 0 bytes, lcd1602.o(i.delay))
<BR><BR>[Called By]<UL><LI><a href="#[a2]">&gt;&gt;</a>&nbsp;&nbsp;&nbsp;lcd_put
<LI><a href="#[9f]">&gt;&gt;</a>&nbsp;&nbsp;&nbsp;lcd_cmd
</UL>

<P><STRONG><a name="[95]"></a>SYS_UnlockReg</STRONG> (Thumb, 26 bytes, Stack size 0 bytes, nano100_pwm.o(i.SYS_UnlockReg))
<BR><BR>[Called By]<UL><LI><a href="#[90]">&gt;&gt;</a>&nbsp;&nbsp;&nbsp;init_PWM1
</UL>

<P><STRONG><a name="[85]"></a>delay</STRONG> (Thumb, 12 bytes, Stack size 0 bytes, nano100_i2c.o(i.delay))
<BR><BR>[Called By]<UL><LI><a href="#[7b]">&gt;&gt;</a>&nbsp;&nbsp;&nbsp;i2c_write
<LI><a href="#[7d]">&gt;&gt;</a>&nbsp;&nbsp;&nbsp;i2c_stop
<LI><a href="#[7a]">&gt;&gt;</a>&nbsp;&nbsp;&nbsp;i2c_start
<LI><a href="#[7c]">&gt;&gt;</a>&nbsp;&nbsp;&nbsp;i2c_read
</UL>

<P><STRONG><a name="[37]"></a>_printf_input_char</STRONG> (Thumb, 10 bytes, Stack size 0 bytes, _printf_char_common.o(.text))
<BR>[Address Reference Count : 1]<UL><LI> _printf_char_common.o(.text)
</UL><P>
<H3>
Undefined Global Symbols
</H3>
<P><STRONG><a name="[62]"></a>_call_atexit_fns</STRONG> (ARM, 0 bytes, Stack size 0 bytes, UNDEFINED)
<BR><BR>[Called By]<UL><LI><a href="#[4c]">&gt;&gt;</a>&nbsp;&nbsp;&nbsp;exit
</UL>

<P><STRONG><a name="[57]"></a>_printf_truncate_signed</STRONG> (ARM, 0 bytes, Stack size 0 bytes, UNDEFINED)
<BR><BR>[Called By]<UL><LI><a href="#[43]">&gt;&gt;</a>&nbsp;&nbsp;&nbsp;_printf_int_dec
</UL>

<P><STRONG><a name="[58]"></a>_printf_truncate_unsigned</STRONG> (ARM, 0 bytes, Stack size 0 bytes, UNDEFINED)
<BR><BR>[Called By]<UL><LI><a href="#[45]">&gt;&gt;</a>&nbsp;&nbsp;&nbsp;_printf_int_hex
<LI><a href="#[43]">&gt;&gt;</a>&nbsp;&nbsp;&nbsp;_printf_int_dec
</UL>
<HR></body></html>
